 node_printer

 Timestamp is 58a9baca (Sun Feb 19 18:33:30 2017)

 Preferred load address is 0000000180000000

 Start         Length     Name                   Class
 0001:00000000 00000070H .text$di                CODE
 0001:00000070 000257b0H .text$mn                CODE
 0001:00025820 00000020H .text$mn$00             CODE
 0001:00025840 000003e0H .text$x                 CODE
 0001:00025c20 000002bcH .text$yd                CODE
 0002:00000000 000003c8H .idata$5                DATA
 0002:000003c8 00000010H .00cfg                  DATA
 0002:000003d8 00000008H .CRT$XCA                DATA
 0002:000003e0 00000018H .CRT$XCC                DATA
 0002:000003f8 00000010H .CRT$XCL                DATA
 0002:00000408 00000008H .CRT$XCU                DATA
 0002:00000410 00000008H .CRT$XCZ                DATA
 0002:00000418 00000008H .CRT$XIA                DATA
 0002:00000420 00000028H .CRT$XIC                DATA
 0002:00000448 00000008H .CRT$XIZ                DATA
 0002:00000450 00000008H .CRT$XPA                DATA
 0002:00000458 00000010H .CRT$XPX                DATA
 0002:00000468 00000008H .CRT$XPXA               DATA
 0002:00000470 00000008H .CRT$XPZ                DATA
 0002:00000478 00000008H .CRT$XTA                DATA
 0002:00000480 00000010H .CRT$XTZ                DATA
 0002:00000490 00010278H .rdata                  DATA
 0002:00010708 00000884H .rdata$r                DATA
 0002:00010f8c 000003c4H .rdata$zzzdbg           DATA
 0002:00011350 00000008H .rtc$IAA                DATA
 0002:00011358 00000008H .rtc$IZZ                DATA
 0002:00011360 00000008H .rtc$TAA                DATA
 0002:00011368 00000008H .rtc$TZZ                DATA
 0002:00011370 00001de0H .xdata                  DATA
 0002:00013150 00000250H .xdata$x                DATA
 0002:000133a0 0000005cH .edata                  DATA
 0002:000133fc 00000050H .idata$2                DATA
 0002:0001344c 00000014H .idata$3                DATA
 0002:00013460 000003c8H .idata$4                DATA
 0002:00013828 00000cd6H .idata$6                DATA
 0003:00000000 00000a60H .data                   DATA
 0003:00000a60 000002f0H .data$r                 DATA
 0003:00000d50 00001844H .bss                    DATA
 0004:00000000 00002040H .pdata                  DATA
 0005:00000000 000000b4H .gfids$x                DATA
 0005:000000b4 00000120H .gfids$y                DATA
 0006:00000000 00000060H .rsrc$01                DATA
 0006:00000060 00000180H .rsrc$02                DATA

  Address         Publics by Value              Rva+Base               Lib:Object

 0000:00000000       __guard_iat_count          0000000000000000     <absolute>
 0000:00000000       __dynamic_value_reloc_table 0000000000000000     <absolute>
 0000:00000000       __guard_iat_table          0000000000000000     <absolute>
 0000:00000000       __guard_longjmp_table      0000000000000000     <absolute>
 0000:00000000       __guard_longjmp_count      0000000000000000     <absolute>
 0000:00000000       __guard_fids_count         0000000000000000     <absolute>
 0000:00000000       ___safe_se_handler_table   0000000000000000     <absolute>
 0000:00000000       ___safe_se_handler_count   0000000000000000     <absolute>
 0000:00000000       __guard_fids_table         0000000000000000     <absolute>
 0000:00000100       __guard_flags              0000000000000100     <absolute>
 0000:00000000       __ImageBase                0000000180000000     <linker-defined>
 0001:00000070       ?NODE_SET_METHOD@node@@YAXV?$Local@VObject@v8@@@v8@@PEBDP6AXAEBV?$FunctionCallbackInfo@VValue@v8@@@3@@Z@Z 0000000180001070 f i node_printer.obj
 0001:00000150       ?initNode@@YAXV?$Local@VObject@v8@@@v8@@@Z 0000000180001150 f   node_printer.obj
 0001:00000260       ?getStringOrBufferFromV8Value@@YA_NV?$Local@VValue@v8@@@v8@@AEAV?$basic_string@DU?$char_traits@D@std@@V?$allocator@D@2@@std@@@Z 0000000180001260 f   node_printer.obj
 0001:00000340       ?assign@?$basic_string@DU?$char_traits@D@std@@V?$allocator@D@2@@std@@QEAAAEAV12@PEBD_K@Z 0000000180001340 f i node_printer.obj
 0001:00000470       ?assign@?$basic_string@DU?$char_traits@D@std@@V?$allocator@D@2@@std@@QEAAAEAV12@AEBV12@_K1@Z 0000000180001470 f i node_printer.obj
 0001:000005a0       ?_Copy@?$basic_string@DU?$char_traits@D@std@@V?$allocator@D@2@@std@@QEAAX_K0@Z 00000001800015a0 f i node_printer.obj
 0001:00000720       ?erase@?$basic_string@DU?$char_traits@D@std@@V?$allocator@D@2@@std@@QEAAAEAV12@_K0@Z 0000000180001720 f i node_printer.obj
 0001:000007f0       ?deallocate@?$allocator@D@std@@QEAAXPEAD_K@Z 00000001800017f0 f i node_printer.obj
 0001:00000850       ?allocate@?$allocator@D@std@@QEAAPEAD_K@Z 0000000180001850 f i node_printer.obj
 0001:000008b0       __local_stdio_printf_options 00000001800018b0 f i node_printer_win.obj
 0001:000008c0       sprintf_s                  00000001800018c0 f i node_printer_win.obj
 0001:00000920       ?what@exception@stdext@@UEBAPEBDXZ 0000000180001920 f i node_printer_win.obj
 0001:00000940       _guard_check_icall_nop     0000000180001940 f i LIBCMT:guard_support.obj
 0001:00000940       ?_Doraise@exception@stdext@@MEBAXXZ 0000000180001940 f i node_printer_win.obj
 0001:00000940       ?_Unlock@?$basic_streambuf@DU?$char_traits@D@std@@@std@@UEAAXXZ 0000000180001940 f i node_printer_win.obj
 0001:00000940       __except_validate_context_record 0000000180001940 f i libvcruntime:jbcxrval.obj
 0001:00000940       ??$destroy@PEAU?$_Tree_node@U?$pair@$$CBV?$basic_string@DU?$char_traits@D@std@@V?$allocator@D@2@@std@@K@std@@PEAX@std@@@?$_Wrap_alloc@V?$allocator@U?$_Tree_node@U?$pair@$$CBV?$basic_string@DU?$char_traits@D@std@@V?$allocator@D@2@@std@@K@std@@PEAX@std@@@std@@@std@@QEAAXPEAPEAU?$_Tree_node@U?$pair@$$CBV?$basic_string@DU?$char_traits@D@std@@V?$allocator@D@2@@std@@K@std@@PEAX@1@@Z 0000000180001940 f i node_printer_win.obj
 0001:00000940       ?_Lock@?$basic_streambuf@DU?$char_traits@D@std@@@std@@UEAAXXZ 0000000180001940 f i node_printer_win.obj
 0001:00000940       ?imbue@?$basic_streambuf@DU?$char_traits@D@std@@@std@@MEAAXAEBVlocale@2@@Z 0000000180001940 f i node_printer_win.obj
 0001:00000950       ??_Eexception@stdext@@UEAAPEAXI@Z 0000000180001950 f i * CIL library *:* CIL module *
 0001:00000950       ??_E_System_error@std@@UEAAPEAXI@Z 0000000180001950 f i * CIL library *:* CIL module *
 0001:00000950       ??_Eruntime_error@std@@UEAAPEAXI@Z 0000000180001950 f i * CIL library *:* CIL module *
 0001:00000950       ??_Efailure@ios_base@std@@UEAAPEAXI@Z 0000000180001950 f i * CIL library *:* CIL module *
 0001:00000950       ??_Gfailure@ios_base@std@@UEAAPEAXI@Z 0000000180001950 f i node_printer_win.obj
 0001:00000950       ??_Gruntime_error@std@@UEAAPEAXI@Z 0000000180001950 f i node_printer_win.obj
 0001:00000950       ??_Gexception@stdext@@UEAAPEAXI@Z 0000000180001950 f i node_printer_win.obj
 0001:00000950       ??_G_System_error@std@@UEAAPEAXI@Z 0000000180001950 f i node_printer_win.obj
 0001:00000980       ?_Doraise@failure@ios_base@std@@MEBAXXZ 0000000180001980 f i node_printer_win.obj
 0001:00000980       ?_Doraise@runtime_error@std@@MEBAXXZ 0000000180001980 f i node_printer_win.obj
 0001:000009a0       ??0_Locinfo@std@@QEAA@PEBD@Z 00000001800019a0 f i node_printer_win.obj
 0001:00000a60       ??1_Locinfo@std@@QEAA@XZ   0000000180001a60 f i node_printer_win.obj
 0001:00000b00       ??_E?$num_put@DV?$ostreambuf_iterator@DU?$char_traits@D@std@@@std@@@std@@MEAAPEAXI@Z 0000000180001b00 f i * CIL library *:* CIL module *
 0001:00000b00       ??_G_Facet_base@std@@UEAAPEAXI@Z 0000000180001b00 f i node_printer_win.obj
 0001:00000b00       ??_G?$num_put@DV?$ostreambuf_iterator@DU?$char_traits@D@std@@@std@@@std@@MEAAPEAXI@Z 0000000180001b00 f i node_printer_win.obj
 0001:00000b00       ??_E_Facet_base@std@@UEAAPEAXI@Z 0000000180001b00 f i * CIL library *:* CIL module *
 0001:00000b30       ?_Incref@facet@locale@std@@UEAAXXZ 0000000180001b30 f i node_printer_win.obj
 0001:00000b40       ?_Decref@facet@locale@std@@UEAAPEAV_Facet_base@3@XZ 0000000180001b40 f i node_printer_win.obj
 0001:00000b50       ?_Getcat@?$ctype@D@std@@SA_KPEAPEBVfacet@locale@2@PEBV42@@Z 0000000180001b50 f i node_printer_win.obj
 0001:00000c10       ?do_tolower@?$ctype@D@std@@MEBADD@Z 0000000180001c10 f i node_printer_win.obj
 0001:00000c20       ?do_tolower@?$ctype@D@std@@MEBAPEBDPEADPEBD@Z 0000000180001c20 f i node_printer_win.obj
 0001:00000c80       ?do_toupper@?$ctype@D@std@@MEBADD@Z 0000000180001c80 f i node_printer_win.obj
 0001:00000c90       ?do_toupper@?$ctype@D@std@@MEBAPEBDPEADPEBD@Z 0000000180001c90 f i node_printer_win.obj
 0001:00000cf0       ?do_widen@?$ctype@D@std@@MEBADD@Z 0000000180001cf0 f i node_printer_win.obj
 0001:00000cf0       ?do_narrow@?$ctype@D@std@@MEBADDD@Z 0000000180001cf0 f i node_printer_win.obj
 0001:00000d00       ?do_widen@?$ctype@D@std@@MEBAPEBDPEBD0PEAD@Z 0000000180001d00 f i node_printer_win.obj
 0001:00000d20       ?do_narrow@?$ctype@D@std@@MEBAPEBDPEBD0DPEAD@Z 0000000180001d20 f i node_printer_win.obj
 0001:00000d40       ??_E?$ctype@D@std@@MEAAPEAXI@Z 0000000180001d40 f i * CIL library *:* CIL module *
 0001:00000d40       ??_G?$ctype@D@std@@MEAAPEAXI@Z 0000000180001d40 f i node_printer_win.obj
 0001:00000db0       ??_Gerror_category@std@@UEAAPEAXI@Z 0000000180001db0 f i node_printer_win.obj
 0001:00000db0       ??_E_Iostream_error_category@std@@UEAAPEAXI@Z 0000000180001db0 f i * CIL library *:* CIL module *
 0001:00000db0       ??_Eerror_category@std@@UEAAPEAXI@Z 0000000180001db0 f i * CIL library *:* CIL module *
 0001:00000db0       ??_G_Iostream_error_category@std@@UEAAPEAXI@Z 0000000180001db0 f i node_printer_win.obj
 0001:00000de0       ?default_error_condition@error_category@std@@UEBA?AVerror_condition@2@H@Z 0000000180001de0 f i node_printer_win.obj
 0001:00000df0       ?equivalent@error_category@std@@UEBA_NHAEBVerror_condition@2@@Z 0000000180001df0 f i node_printer_win.obj
 0001:00000e10       ?equivalent@error_category@std@@UEBA_NAEBVerror_code@2@H@Z 0000000180001e10 f i node_printer_win.obj
 0001:00000e30       ??0_System_error@std@@IEAA@Verror_code@1@AEBV?$basic_string@DU?$char_traits@D@std@@V?$allocator@D@2@@1@@Z 0000000180001e30 f i node_printer_win.obj
 0001:00001040       ?name@_Iostream_error_category@std@@UEBAPEBDXZ 0000000180002040 f i node_printer_win.obj
 0001:00001050       ?message@_Iostream_error_category@std@@UEBA?AV?$basic_string@DU?$char_traits@D@std@@V?$allocator@D@2@@2@H@Z 0000000180002050 f i node_printer_win.obj
 0001:000010d0       ?clear@ios_base@std@@QEAAXH_N@Z 00000001800020d0 f i node_printer_win.obj
 0001:000014f0       ??_Gios_base@std@@UEAAPEAXI@Z 00000001800024f0 f i node_printer_win.obj
 0001:000014f0       ??_Eios_base@std@@UEAAPEAXI@Z 00000001800024f0 f i * CIL library *:* CIL module *
 0001:00003ef0       ?getPrinters@@YAXAEBV?$FunctionCallbackInfo@VValue@v8@@@v8@@@Z 0000000180004ef0 f   node_printer_win.obj
 0001:00004390       ?getDefaultPrinterName@@YAXAEBV?$FunctionCallbackInfo@VValue@v8@@@v8@@@Z 0000000180005390 f   node_printer_win.obj
 0001:000044b0       ?getPrinter@@YAXAEBV?$FunctionCallbackInfo@VValue@v8@@@v8@@@Z 00000001800054b0 f   node_printer_win.obj
 0001:000048a0       ?getPrinterDriverOptions@@YAXAEBV?$FunctionCallbackInfo@VValue@v8@@@v8@@@Z 00000001800058a0 f   node_printer_win.obj
 0001:00004910       ?getJob@@YAXAEBV?$FunctionCallbackInfo@VValue@v8@@@v8@@@Z 0000000180005910 f   node_printer_win.obj
 0001:00004d60       ?setJob@@YAXAEBV?$FunctionCallbackInfo@VValue@v8@@@v8@@@Z 0000000180005d60 f   node_printer_win.obj
 0001:000052d0       ?getSupportedJobCommands@@YAXAEBV?$FunctionCallbackInfo@VValue@v8@@@v8@@@Z 00000001800062d0 f   node_printer_win.obj
 0001:00005400       ?getSupportedPrintFormats@@YAXAEBV?$FunctionCallbackInfo@VValue@v8@@@v8@@@Z 0000000180006400 f   node_printer_win.obj
 0001:00005900       ?PrintDirect@@YAXAEBV?$FunctionCallbackInfo@VValue@v8@@@v8@@@Z 0000000180006900 f   node_printer_win.obj
 0001:00005ee0       ?PrintFile@@YAXAEBV?$FunctionCallbackInfo@VValue@v8@@@v8@@@Z 0000000180006ee0 f   node_printer_win.obj
 0001:00005f50       ??1?$basic_string@DU?$char_traits@D@std@@V?$allocator@D@2@@std@@QEAA@XZ 0000000180006f50 f i node_printer_win.obj
 0001:00005fe0       ??1?$basic_ostringstream@DU?$char_traits@D@std@@V?$allocator@D@2@@std@@UEAA@XZ 0000000180006fe0 f i node_printer_win.obj
 0001:000060b0       ?seekpos@?$basic_stringbuf@DU?$char_traits@D@std@@V?$allocator@D@2@@std@@MEAA?AV?$fpos@U_Mbstatet@@@2@V32@H@Z 00000001800070b0 f i node_printer_win.obj
 0001:000061c0       ?seekoff@?$basic_stringbuf@DU?$char_traits@D@std@@V?$allocator@D@2@@std@@MEAA?AV?$fpos@U_Mbstatet@@@2@_JHH@Z 00000001800071c0 f i node_printer_win.obj
 0001:00006350       ?underflow@?$basic_stringbuf@DU?$char_traits@D@std@@V?$allocator@D@2@@std@@MEAAHXZ 0000000180007350 f i node_printer_win.obj
 0001:000063b0       ?pbackfail@?$basic_stringbuf@DU?$char_traits@D@std@@V?$allocator@D@2@@std@@MEAAHH@Z 00000001800073b0 f i node_printer_win.obj
 0001:00006400       ?overflow@?$basic_stringbuf@DU?$char_traits@D@std@@V?$allocator@D@2@@std@@MEAAHH@Z 0000000180007400 f i node_printer_win.obj
 0001:00006670       ??6?$basic_ostream@DU?$char_traits@D@std@@@std@@QEAAAEAV01@K@Z 0000000180007670 f i node_printer_win.obj
 0001:00006850       ?sync@?$basic_streambuf@DU?$char_traits@D@std@@@std@@MEAAHXZ 0000000180007850 f i node_printer_win.obj
 0001:00006850       ?showmanyc@?$basic_streambuf@DU?$char_traits@D@std@@@std@@MEAA_JXZ 0000000180007850 f i node_printer_win.obj
 0001:00006860       ?setbuf@?$basic_streambuf@DU?$char_traits@D@std@@@std@@MEAAPEAV12@PEAD_J@Z 0000000180007860 f i node_printer_win.obj
 0001:00006870       ?seekoff@?$basic_streambuf@DU?$char_traits@D@std@@@std@@MEAA?AV?$fpos@U_Mbstatet@@@2@_JHH@Z 0000000180007870 f i node_printer_win.obj
 0001:00006870       ?seekpos@?$basic_streambuf@DU?$char_traits@D@std@@@std@@MEAA?AV?$fpos@U_Mbstatet@@@2@V32@H@Z 0000000180007870 f i node_printer_win.obj
 0001:00006890       ?xsputn@?$basic_streambuf@DU?$char_traits@D@std@@@std@@MEAA_JPEBD_J@Z 0000000180007890 f i node_printer_win.obj
 0001:00006950       ?xsgetn@?$basic_streambuf@DU?$char_traits@D@std@@@std@@MEAA_JPEAD_J@Z 0000000180007950 f i node_printer_win.obj
 0001:00006a50       ?uflow@?$basic_streambuf@DU?$char_traits@D@std@@@std@@MEAAHXZ 0000000180007a50 f i node_printer_win.obj
 0001:00006a90       ?pbackfail@?$basic_streambuf@DU?$char_traits@D@std@@@std@@MEAAHH@Z 0000000180007a90 f i node_printer_win.obj
 0001:00006a90       ?overflow@?$basic_streambuf@DU?$char_traits@D@std@@@std@@MEAAHH@Z 0000000180007a90 f i node_printer_win.obj
 0001:00006a90       ?underflow@?$basic_streambuf@DU?$char_traits@D@std@@@std@@MEAAHXZ 0000000180007a90 f i node_printer_win.obj
 0001:00006aa0       ??_G?$basic_ostringstream@DU?$char_traits@D@std@@V?$allocator@D@2@@std@@UEAAPEAXI@Z 0000000180007aa0 f i node_printer_win.obj
 0001:00006aa0       ??_E?$basic_ostringstream@DU?$char_traits@D@std@@V?$allocator@D@2@@std@@UEAAPEAXI@Z 0000000180007aa0 f i * CIL library *:* CIL module *
 0001:00006af0       ??_E?$basic_stringbuf@DU?$char_traits@D@std@@V?$allocator@D@2@@std@@UEAAPEAXI@Z 0000000180007af0 f i * CIL library *:* CIL module *
 0001:00006af0       ??_G?$basic_stringbuf@DU?$char_traits@D@std@@V?$allocator@D@2@@std@@UEAAPEAXI@Z 0000000180007af0 f i node_printer_win.obj
 0001:00006b80       ??_E?$basic_ostream@DU?$char_traits@D@std@@@std@@UEAAPEAXI@Z 0000000180007b80 f i * CIL library *:* CIL module *
 0001:00006b80       ??_G?$basic_ostream@DU?$char_traits@D@std@@@std@@UEAAPEAXI@Z 0000000180007b80 f i node_printer_win.obj
 0001:00006be0       ??_G?$basic_streambuf@DU?$char_traits@D@std@@@std@@UEAAPEAXI@Z 0000000180007be0 f i node_printer_win.obj
 0001:00006be0       ??_E?$basic_streambuf@DU?$char_traits@D@std@@@std@@UEAAPEAXI@Z 0000000180007be0 f i * CIL library *:* CIL module *
 0001:00006c60       ??_Glocale@std@@QEAAPEAXI@Z 0000000180007c60 f i node_printer_win.obj
 0001:00006cb0       ??0sentry@?$basic_ostream@DU?$char_traits@D@std@@@std@@QEAA@AEAV12@@Z 0000000180007cb0 f i node_printer_win.obj
 0001:00006d30       ?do_put@?$num_put@DV?$ostreambuf_iterator@DU?$char_traits@D@std@@@std@@@std@@MEBA?AV?$ostreambuf_iterator@DU?$char_traits@D@std@@@2@V32@AEAVios_base@2@DPEBX@Z 0000000180007d30 f i node_printer_win.obj
 0001:00006dd0       ?do_put@?$num_put@DV?$ostreambuf_iterator@DU?$char_traits@D@std@@@std@@@std@@MEBA?AV?$ostreambuf_iterator@DU?$char_traits@D@std@@@2@V32@AEAVios_base@2@DO@Z 0000000180007dd0 f i node_printer_win.obj
 0001:00007040       ?do_put@?$num_put@DV?$ostreambuf_iterator@DU?$char_traits@D@std@@@std@@@std@@MEBA?AV?$ostreambuf_iterator@DU?$char_traits@D@std@@@2@V32@AEAVios_base@2@DN@Z 0000000180008040 f i node_printer_win.obj
 0001:000072b0       ?do_put@?$num_put@DV?$ostreambuf_iterator@DU?$char_traits@D@std@@@std@@@std@@MEBA?AV?$ostreambuf_iterator@DU?$char_traits@D@std@@@2@V32@AEAVios_base@2@D_K@Z 00000001800082b0 f i node_printer_win.obj
 0001:000073b0       ?do_put@?$num_put@DV?$ostreambuf_iterator@DU?$char_traits@D@std@@@std@@@std@@MEBA?AV?$ostreambuf_iterator@DU?$char_traits@D@std@@@2@V32@AEAVios_base@2@D_J@Z 00000001800083b0 f i node_printer_win.obj
 0001:000074b0       ?do_put@?$num_put@DV?$ostreambuf_iterator@DU?$char_traits@D@std@@@std@@@std@@MEBA?AV?$ostreambuf_iterator@DU?$char_traits@D@std@@@2@V32@AEAVios_base@2@DK@Z 00000001800084b0 f i node_printer_win.obj
 0001:000075b0       ?do_put@?$num_put@DV?$ostreambuf_iterator@DU?$char_traits@D@std@@@std@@@std@@MEBA?AV?$ostreambuf_iterator@DU?$char_traits@D@std@@@2@V32@AEAVios_base@2@DJ@Z 00000001800085b0 f i node_printer_win.obj
 0001:000076b0       ?do_put@?$num_put@DV?$ostreambuf_iterator@DU?$char_traits@D@std@@@std@@@std@@MEBA?AV?$ostreambuf_iterator@DU?$char_traits@D@std@@@2@V32@AEAVios_base@2@D_N@Z 00000001800086b0 f i node_printer_win.obj
 0001:00007c60       ??R?$less@V?$basic_string@DU?$char_traits@D@std@@V?$allocator@D@2@@std@@@std@@QEBA_NAEBV?$basic_string@DU?$char_traits@D@std@@V?$allocator@D@2@@1@0@Z 0000000180008c60 f i node_printer_win.obj
 0001:00007ce0       ?assign@?$basic_string@DU?$char_traits@D@std@@V?$allocator@D@2@@std@@QEAAAEAV12@_KD@Z 0000000180008ce0 f i node_printer_win.obj
 0001:00007de0       ?append@?$basic_string@DU?$char_traits@D@std@@V?$allocator@D@2@@std@@QEAAAEAV12@PEBD_K@Z 0000000180008de0 f i node_printer_win.obj
 0001:00007f30       ?append@?$basic_string@DU?$char_traits@D@std@@V?$allocator@D@2@@std@@QEAAAEAV12@AEBV12@_K1@Z 0000000180008f30 f i node_printer_win.obj
 0001:00008060       ?_Assign_rv@?$basic_string@DU?$char_traits@D@std@@V?$allocator@D@2@@std@@QEAAX$$QEAV12@@Z 0000000180009060 f i node_printer_win.obj
 0001:000080e0       ?_Tidy@?$basic_stringbuf@DU?$char_traits@D@std@@V?$allocator@D@2@@std@@IEAAXXZ 00000001800090e0 f i node_printer_win.obj
 0001:000081a0       ?str@?$basic_stringbuf@DU?$char_traits@D@std@@V?$allocator@D@2@@std@@QEBA?AV?$basic_string@DU?$char_traits@D@std@@V?$allocator@D@2@@2@XZ 00000001800091a0 f i node_printer_win.obj
 0001:00008330       ?_Pnavail@?$basic_streambuf@DU?$char_traits@D@std@@@std@@IEBA_JXZ 0000000180009330 f i node_printer_win.obj
 0001:00008350       ?_Gnavail@?$basic_streambuf@DU?$char_traits@D@std@@@std@@IEBA_JXZ 0000000180009350 f i node_printer_win.obj
 0001:00008370       ?do_truename@?$numpunct@D@std@@MEBA?AV?$basic_string@DU?$char_traits@D@std@@V?$allocator@D@2@@2@XZ 0000000180009370 f i node_printer_win.obj
 0001:000083c0       ?do_falsename@?$numpunct@D@std@@MEBA?AV?$basic_string@DU?$char_traits@D@std@@V?$allocator@D@2@@2@XZ 00000001800093c0 f i node_printer_win.obj
 0001:00008410       ?do_grouping@?$numpunct@D@std@@MEBA?AV?$basic_string@DU?$char_traits@D@std@@V?$allocator@D@2@@2@XZ 0000000180009410 f i node_printer_win.obj
 0001:00008460       ?do_thousands_sep@?$numpunct@D@std@@MEBADXZ 0000000180009460 f i node_printer_win.obj
 0001:00008470       ?do_decimal_point@?$numpunct@D@std@@MEBADXZ 0000000180009470 f i node_printer_win.obj
 0001:00008480       ?_Iput@?$num_put@DV?$ostreambuf_iterator@DU?$char_traits@D@std@@@std@@@std@@AEBA?AV?$ostreambuf_iterator@DU?$char_traits@D@std@@@2@V32@AEAVios_base@2@DPEAD_K@Z 0000000180009480 f i node_printer_win.obj
 0001:00008c60       ?_Fput@?$num_put@DV?$ostreambuf_iterator@DU?$char_traits@D@std@@@std@@@std@@AEBA?AV?$ostreambuf_iterator@DU?$char_traits@D@std@@@2@V32@AEAVios_base@2@DPEBD_K@Z 0000000180009c60 f i node_printer_win.obj
 0001:000094c0       ?append@?$basic_string@DU?$char_traits@D@std@@V?$allocator@D@2@@std@@QEAAAEAV12@_KD@Z 000000018000a4c0 f i node_printer_win.obj
 0001:000095d0       ?flush@?$basic_ostream@DU?$char_traits@D@std@@@std@@QEAAAEAV12@XZ 000000018000a5d0 f i node_printer_win.obj
 0001:000096f0       ??0?$basic_streambuf@DU?$char_traits@D@std@@@std@@IEAA@XZ 000000018000a6f0 f i node_printer_win.obj
 0001:00009790       ?init@?$basic_ios@DU?$char_traits@D@std@@@std@@IEAAXPEAV?$basic_streambuf@DU?$char_traits@D@std@@@2@_N@Z 000000018000a790 f i node_printer_win.obj
 0001:00009830       ??_G?$numpunct@D@std@@MEAAPEAXI@Z 000000018000a830 f i node_printer_win.obj
 0001:00009830       ??_E?$numpunct@D@std@@MEAAPEAXI@Z 000000018000a830 f i * CIL library *:* CIL module *
 0001:00009890       ?widen@?$basic_ios@DU?$char_traits@D@std@@@std@@QEBADD@Z 000000018000a890 f i node_printer_win.obj
 0001:00009910       ?_Erase@?$_Tree@V?$_Tmap_traits@V?$basic_string@DU?$char_traits@D@std@@V?$allocator@D@2@@std@@KU?$less@V?$basic_string@DU?$char_traits@D@std@@V?$allocator@D@2@@std@@@2@V?$allocator@U?$pair@$$CBV?$basic_string@DU?$char_traits@D@std@@V?$allocator@D@2@@std@@K@std@@@2@$0A@@std@@@std@@IEAAXPEAU?$_Tree_node@U?$pair@$$CBV?$basic_string@DU?$char_traits@D@std@@V?$allocator@D@2@@std@@K@std@@PEAX@2@@Z 000000018000a910 f i node_printer_win.obj
 0001:000099f0       ??$use_facet@V?$ctype@D@std@@@std@@YAAEBV?$ctype@D@0@AEBVlocale@0@@Z 000000018000a9f0 f i node_printer_win.obj
 0001:00009b20       ??$?6U?$char_traits@D@std@@@std@@YAAEAV?$basic_ostream@DU?$char_traits@D@std@@@0@AEAV10@PEBD@Z 000000018000ab20 f i node_printer_win.obj
 0001:00009da0       ??$?6DU?$char_traits@D@std@@V?$allocator@D@1@@std@@YAAEAV?$basic_ostream@DU?$char_traits@D@std@@@0@AEAV10@AEBV?$basic_string@DU?$char_traits@D@std@@V?$allocator@D@2@@0@@Z 000000018000ada0 f i node_printer_win.obj
 0001:0000a020       ??$use_facet@V?$num_put@DV?$ostreambuf_iterator@DU?$char_traits@D@std@@@std@@@std@@@std@@YAAEBV?$num_put@DV?$ostreambuf_iterator@DU?$char_traits@D@std@@@std@@@0@AEBVlocale@0@@Z 000000018000b020 f i node_printer_win.obj
 0001:0000a1a0       ??$use_facet@V?$numpunct@D@std@@@std@@YAAEBV?$numpunct@D@0@AEBVlocale@0@@Z 000000018000b1a0 f i node_printer_win.obj
 0001:0000a2d0       ?_Getcat@?$numpunct@D@std@@SA_KPEAPEBVfacet@locale@2@PEBV42@@Z 000000018000b2d0 f i node_printer_win.obj
 0001:0000a390       ?_Init@?$numpunct@D@std@@IEAAXAEBV_Locinfo@2@_N@Z 000000018000b390 f i node_printer_win.obj
 0001:0000a510       ??$emplace@U?$pair@PEBDH@std@@@?$_Tree@V?$_Tmap_traits@V?$basic_string@DU?$char_traits@D@std@@V?$allocator@D@2@@std@@KU?$less@V?$basic_string@DU?$char_traits@D@std@@V?$allocator@D@2@@std@@@2@V?$allocator@U?$pair@$$CBV?$basic_string@DU?$char_traits@D@std@@V?$allocator@D@2@@std@@K@std@@@2@$0A@@std@@@std@@QEAA?AU?$pair@V?$_Tree_iterator@V?$_Tree_val@U?$_Tree_simple_types@U?$pair@$$CBV?$basic_string@DU?$char_traits@D@std@@V?$allocator@D@2@@std@@K@std@@@std@@@std@@@std@@_N@1@$$QEAU?$pair@PEBDH@1@@Z 000000018000b510 f i node_printer_win.obj
 0001:0000a5e0       ??$_Insert_nohint@AEAU?$pair@$$CBV?$basic_string@DU?$char_traits@D@std@@V?$allocator@D@2@@std@@K@std@@PEAU?$_Tree_node@U?$pair@$$CBV?$basic_string@DU?$char_traits@D@std@@V?$allocator@D@2@@std@@K@std@@PEAX@2@@?$_Tree@V?$_Tmap_traits@V?$basic_string@DU?$char_traits@D@std@@V?$allocator@D@2@@std@@KU?$less@V?$basic_string@DU?$char_traits@D@std@@V?$allocator@D@2@@std@@@2@V?$allocator@U?$pair@$$CBV?$basic_string@DU?$char_traits@D@std@@V?$allocator@D@2@@std@@K@std@@@2@$0A@@std@@@std@@IEAA?AU?$pair@V?$_Tree_iterator@V?$_Tree_val@U?$_Tree_simple_types@U?$pair@$$CBV?$basic_string@DU?$char_traits@D@std@@V?$allocator@D@2@@std@@K@std@@@std@@@std@@@std@@_N@1@_NAEAU?$pair@$$CBV?$basic_string@DU?$char_traits@D@std@@V?$allocator@D@2@@std@@K@1@PEAU?$_Tree_node@U?$pair@$$CBV?$basic_string@DU?$char_traits@D@std@@V?$allocator@D@2@@std@@K@std@@PEAX@1@@Z 000000018000b5e0 f i node_printer_win.obj
 0001:0000a7b0       ??$_Insert_at@AEAU?$pair@$$CBV?$basic_string@DU?$char_traits@D@std@@V?$allocator@D@2@@std@@K@std@@PEAU?$_Tree_node@U?$pair@$$CBV?$basic_string@DU?$char_traits@D@std@@V?$allocator@D@2@@std@@K@std@@PEAX@2@@?$_Tree@V?$_Tmap_traits@V?$basic_string@DU?$char_traits@D@std@@V?$allocator@D@2@@std@@KU?$less@V?$basic_string@DU?$char_traits@D@std@@V?$allocator@D@2@@std@@@2@V?$allocator@U?$pair@$$CBV?$basic_string@DU?$char_traits@D@std@@V?$allocator@D@2@@std@@K@std@@@2@$0A@@std@@@std@@IEAA?AV?$_Tree_iterator@V?$_Tree_val@U?$_Tree_simple_types@U?$pair@$$CBV?$basic_string@DU?$char_traits@D@std@@V?$allocator@D@2@@std@@K@std@@@std@@@std@@@1@_NPEAU?$_Tree_node@U?$pair@$$CBV?$basic_string@DU?$char_traits@D@std@@V?$allocator@D@2@@std@@K@std@@PEAX@1@AEAU?$pair@$$CBV?$basic_string@DU?$char_traits@D@std@@V?$allocator@D@2@@std@@K@1@1@Z 000000018000b7b0 f i node_printer_win.obj
 0001:0000aa5c       ??_E?$basic_ostream@DU?$char_traits@D@std@@@std@@$4PPPPPPPM@A@EAAPEAXI@Z 000000018000ba5c f i node_printer_win.obj
 0001:0000aa68       ??_E?$basic_ostringstream@DU?$char_traits@D@std@@V?$allocator@D@2@@std@@$4PPPPPPPM@A@EAAPEAXI@Z 000000018000ba68 f i node_printer_win.obj
 0001:0000aa74       ??0bad_alloc@std@@QEAA@AEBV01@@Z 000000018000ba74 f i libcpmt:xthrow.obj
 0001:0000aab4       ??0bad_alloc@std@@QEAA@XZ  000000018000bab4 f i libcpmt:xthrow.obj
 0001:0000aad4       ??0exception@std@@QEAA@AEBV01@@Z 000000018000bad4 f i libcpmt:xthrow.obj
 0001:0000ab0c       ??0length_error@std@@QEAA@AEBV01@@Z 000000018000bb0c f i libcpmt:xthrow.obj
 0001:0000ab4c       ??0length_error@std@@QEAA@PEBD@Z 000000018000bb4c f i libcpmt:xthrow.obj
 0001:0000ab98       ??0logic_error@std@@QEAA@AEBV01@@Z 000000018000bb98 f i libcpmt:xthrow.obj
 0001:0000abd8       ??0out_of_range@std@@QEAA@AEBV01@@Z 000000018000bbd8 f i libcpmt:xthrow.obj
 0001:0000ac18       ??0out_of_range@std@@QEAA@PEBD@Z 000000018000bc18 f i libcpmt:xthrow.obj
 0001:0000ac64       ??1bad_exception@std@@UEAA@XZ 000000018000bc64 f i libvcruntime:frame.obj
 0001:0000ac64       ??1out_of_range@std@@UEAA@XZ 000000018000bc64 f i libcpmt:xthrow.obj
 0001:0000ac64       ??1bad_alloc@std@@UEAA@XZ  000000018000bc64 f i libcpmt:xthrow.obj
 0001:0000ac64       ??1length_error@std@@UEAA@XZ 000000018000bc64 f i libcpmt:xthrow.obj
 0001:0000ac64       ??1bad_array_new_length@std@@UEAA@XZ 000000018000bc64 f i LIBCMT:throw_bad_alloc.obj
 0001:0000ac78       ??_Gexception@std@@UEAAPEAXI@Z 000000018000bc78 f i libcpmt:xthrow.obj
 0001:0000ac78       ??_Ebad_exception@std@@UEAAPEAXI@Z 000000018000bc78 f i libvcruntime:frame.obj
 0001:0000ac78       ??_Elogic_error@std@@UEAAPEAXI@Z 000000018000bc78 f i libcpmt:xthrow.obj
 0001:0000ac78       ??_Glength_error@std@@UEAAPEAXI@Z 000000018000bc78 f i libcpmt:xthrow.obj
 0001:0000ac78       ??_Gout_of_range@std@@UEAAPEAXI@Z 000000018000bc78 f i libcpmt:xthrow.obj
 0001:0000ac78       ??_Elength_error@std@@UEAAPEAXI@Z 000000018000bc78 f i libcpmt:xthrow.obj
 0001:0000ac78       ??_Gbad_array_new_length@std@@UEAAPEAXI@Z 000000018000bc78 f i LIBCMT:throw_bad_alloc.obj
 0001:0000ac78       ??_Gbad_exception@std@@UEAAPEAXI@Z 000000018000bc78 f i libvcruntime:frame.obj
 0001:0000ac78       ??_Ebad_array_new_length@std@@UEAAPEAXI@Z 000000018000bc78 f i LIBCMT:throw_bad_alloc.obj
 0001:0000ac78       ??_Glogic_error@std@@UEAAPEAXI@Z 000000018000bc78 f i libcpmt:xthrow.obj
 0001:0000ac78       ??_Gbad_alloc@std@@UEAAPEAXI@Z 000000018000bc78 f i libcpmt:xthrow.obj
 0001:0000ac78       ??_Eexception@std@@UEAAPEAXI@Z 000000018000bc78 f i libcpmt:xthrow.obj
 0001:0000ac78       ??_Eout_of_range@std@@UEAAPEAXI@Z 000000018000bc78 f i libcpmt:xthrow.obj
 0001:0000ac78       ??_Ebad_alloc@std@@UEAAPEAXI@Z 000000018000bc78 f i libcpmt:xthrow.obj
 0001:0000acbc       ?_Xbad_alloc@std@@YAXXZ    000000018000bcbc f   libcpmt:xthrow.obj
 0001:0000acbc       ?__scrt_throw_std_bad_alloc@@YAXXZ 000000018000bcbc f   LIBCMT:throw_bad_alloc.obj
 0001:0000acdc       ?_Xlength_error@std@@YAXPEBD@Z 000000018000bcdc f   libcpmt:xthrow.obj
 0001:0000ad00       ?_Xout_of_range@std@@YAXPEBD@Z 000000018000bd00 f   libcpmt:xthrow.obj
 0001:0000ad24       ?what@exception@std@@UEBAPEBDXZ 000000018000bd24 f i libcpmt:xthrow.obj
 0001:0000ad38       ??0_Init_locks@std@@QEAA@XZ 000000018000bd38 f   libcpmt:xlock.obj
 0001:0000ad84       ??0_Lockit@std@@QEAA@H@Z   000000018000bd84 f   libcpmt:xlock.obj
 0001:0000adc0       ??1_Init_locks@std@@QEAA@XZ 000000018000bdc0 f   libcpmt:xlock.obj
 0001:0000ae04       ??1_Lockit@std@@QEAA@XZ    000000018000be04 f   libcpmt:xlock.obj
 0001:0000ae38       ??4?$_Yarn@D@std@@QEAAAEAV01@PEBD@Z 000000018000be38 f i libcpmt:locale0.obj
 0001:0000aeb0       ??_G_Fac_node@std@@QEAAPEAXI@Z 000000018000beb0 f i libcpmt:locale0.obj
 0001:0000af3c       ??_G_Locimp@locale@std@@MEAAPEAXI@Z 000000018000bf3c f i libcpmt:locale0.obj
 0001:0000af3c       ??_E_Locimp@locale@std@@MEAAPEAXI@Z 000000018000bf3c f i libcpmt:locale0.obj
 0001:0000afa8       ?_Facet_Register@std@@YAXPEAV_Facet_base@1@@Z 000000018000bfa8 f   libcpmt:locale0.obj
 0001:0000afe0       ?_Getgloballocale@locale@std@@CAPEAV_Locimp@12@XZ 000000018000bfe0 f   libcpmt:locale0.obj
 0001:0000afe8       ?_Init@locale@std@@CAPEAV_Locimp@12@_N@Z 000000018000bfe8 f   libcpmt:locale0.obj
 0001:0000b0a4       ?_Locimp_dtor@_Locimp@locale@std@@CAXPEAV123@@Z 000000018000c0a4 f   libcpmt:locale0.obj
 0001:0000b14c       ?_Locinfo_ctor@_Locinfo@std@@SAXPEAV12@PEBD@Z 000000018000c14c f   libcpmt:locale0.obj
 0001:0000b1b8       ?_Locinfo_dtor@_Locinfo@std@@SAXPEAV12@@Z 000000018000c1b8 f   libcpmt:locale0.obj
 0001:0000b1dc       ?_New_Locimp@_Locimp@locale@std@@CAPEAV123@_N@Z 000000018000c1dc f   libcpmt:locale0.obj
 0001:0000b24c       ?_Setgloballocale@locale@std@@CAXPEAX@Z 000000018000c24c f   libcpmt:locale0.obj
 0001:0000b280       _Deletegloballocale        000000018000c280 f   libcpmt:locale0.obj
 0001:0000b308       ?_Ios_base_dtor@ios_base@std@@CAXPEAV12@@Z 000000018000c308 f   libcpmt:ios.obj
 0001:0000b34c       ?_Tidy@ios_base@std@@AEAAXXZ 000000018000c34c f i libcpmt:ios.obj
 0001:0000b3dc       ?_Syserror_map@std@@YAPEBDH@Z 000000018000c3dc f   libcpmt:syserror.obj
 0001:0000b404       _Getctype                  000000018000c404 f   libcpmt:_tolower.obj
 0001:0000b4c4       _Tolower                   000000018000c4c4 f   libcpmt:_tolower.obj
 0001:0000b5ec       _Getcvt                    000000018000c5ec f   libcpmt:xwctomb.obj
 0001:0000b67c       _Toupper                   000000018000c67c f   libcpmt:_toupper.obj
 0001:0000b7b4       _Mtxdst                    000000018000c7b4 f   libcpmt:xmtx.obj
 0001:0000b7bc       _Mtxinit                   000000018000c7bc f   libcpmt:xmtx.obj
 0001:0000b7cc       _Mtxlock                   000000018000c7cc f   libcpmt:xmtx.obj
 0001:0000b7d4       _Mtxunlock                 000000018000c7d4 f   libcpmt:xmtx.obj
 0001:0000b7dc       ?_Atexit@@YAXP6AXXZ@Z      000000018000c7dc f   libcpmt:iosptrs.obj
 0001:0000b81c       __crtLCMapStringA          000000018000c81c f   libcpmt:StlLCMapStringA.obj
 0001:0000bfd8       __crtInitializeCriticalSectionEx 000000018000cfd8 f   libcpmt:winapisupp.obj
 0001:0000c038       GetTableIndexFromLocaleName 000000018000d038 f   libcpmt:winapinls.obj
 0001:0000c0c4       __crtDownlevelLocaleNameToLCID 000000018000d0c4 f   libcpmt:winapinls.obj
 0001:0000c0f8       __crtLCMapStringEx         000000018000d0f8 f   libcpmt:winapinls.obj
 0001:0000c1b4       __wcsnicmp_ascii           000000018000d1b4 f   libcpmt:winapinls.obj
 0001:0000c220       __security_check_cookie    000000018000d220 f   LIBCMT:_amdsecgs_.obj
 0001:0000c244       ??2@YAPEAX_K@Z             000000018000d244 f   LIBCMT:new_scalar.obj
 0001:0000c280       ??3@YAXPEAX@Z              000000018000d280 f   LIBCMT:delete_scalar.obj
 0001:0000c288       __scrt_acquire_startup_lock 000000018000d288 f   LIBCMT:utility.obj
 0001:0000c2c4       __scrt_dllmain_after_initialize_c 000000018000d2c4 f   LIBCMT:utility.obj
 0001:0000c2f8       __scrt_dllmain_before_initialize_c 000000018000d2f8 f   LIBCMT:utility.obj
 0001:0000c310       __scrt_dllmain_crt_thread_attach 000000018000d310 f   LIBCMT:utility.obj
 0001:0000c338       __scrt_dllmain_crt_thread_detach 000000018000d338 f   LIBCMT:utility.obj
 0001:0000c350       __scrt_dllmain_exception_filter 000000018000d350 f   LIBCMT:utility.obj
 0001:0000c3b4       __scrt_dllmain_uninitialize_c 000000018000d3b4 f   LIBCMT:utility.obj
 0001:0000c3e4       __scrt_dllmain_uninitialize_critical 000000018000d3e4 f   LIBCMT:utility.obj
 0001:0000c3f8       __scrt_initialize_crt      000000018000d3f8 f   LIBCMT:utility.obj
 0001:0000c444       __scrt_initialize_onexit_tables 000000018000d444 f   LIBCMT:utility.obj
 0001:0000c510       __scrt_is_nonwritable_in_current_image 000000018000d510 f   LIBCMT:utility.obj
 0001:0000c5ac       __scrt_release_startup_lock 000000018000d5ac f   LIBCMT:utility.obj
 0001:0000c5d0       __scrt_uninitialize_crt    000000018000d5d0 f   LIBCMT:utility.obj
 0001:0000c5fc       _onexit                    000000018000d5fc f   LIBCMT:utility.obj
 0001:0000c64c       atexit                     000000018000d64c f   LIBCMT:utility.obj
 0001:0000c9b0       _DllMainCRTStartup         000000018000d9b0 f   LIBCMT:dll_dllmain.obj
 0001:0000c9f0       ??_V@YAXPEAX@Z             000000018000d9f0 f   LIBCMT:delete_array.obj
 0001:0000c9f0       ??3@YAXPEAX_K@Z            000000018000d9f0 f   LIBCMT:delete_scalar_size.obj
 0001:0000c9f8       ??_Gtype_info@@UEAAPEAXI@Z 000000018000d9f8 f i LIBCMT:std_type_info_static.obj
 0001:0000c9f8       ??_Etype_info@@UEAAPEAXI@Z 000000018000d9f8 f i LIBCMT:std_type_info_static.obj
 0001:0000ca24       _guard_check_icall         000000018000da24 f i LIBCMT:checkcfg.obj
 0001:0000ca2c       __GSHandlerCheck           000000018000da2c f   LIBCMT:_gshandler_.obj
 0001:0000ca4c       __GSHandlerCheckCommon     000000018000da4c f   LIBCMT:_gshandler_.obj
 0001:0000cac0       __chkstk                   000000018000dac0 f   LIBCMT:_chkstk_.obj
 0001:0000cac0       _alloca_probe              000000018000dac0 f   LIBCMT:_chkstk_.obj
 0001:0000cb14       __raise_securityfailure    000000018000db14 f   LIBCMT:gs_report.obj
 0001:0000cb48       __report_gsfailure         000000018000db48 f   LIBCMT:gs_report.obj
 0001:0000cc1c       __report_rangecheckfailure 000000018000dc1c f   LIBCMT:gs_report.obj
 0001:0000cc30       __report_securityfailure   000000018000dc30 f   LIBCMT:gs_report.obj
 0001:0000cdb0       ??0bad_array_new_length@std@@QEAA@AEBV01@@Z 000000018000ddb0 f i LIBCMT:throw_bad_alloc.obj
 0001:0000cdf0       ??0bad_array_new_length@std@@QEAA@XZ 000000018000ddf0 f i LIBCMT:throw_bad_alloc.obj
 0001:0000ce10       ?__scrt_throw_std_bad_array_new_length@@YAXXZ 000000018000de10 f   LIBCMT:throw_bad_alloc.obj
 0001:0000ce30       __isa_available_init       000000018000de30 f   LIBCMT:_cpu_disp_.obj
 0001:0000cff8       __scrt_is_ucrt_dll_in_use  000000018000dff8 f   LIBCMT:ucrt_detection.obj
 0001:0000d004       __crt_debugger_hook        000000018000e004 f   LIBCMT:utility_desktop.obj
 0001:0000d00c       __scrt_fastfail            000000018000e00c f   LIBCMT:utility_desktop.obj
 0001:0000d154       __security_init_cookie     000000018000e154 f   LIBCMT:gs_support.obj
 0001:0000d200       DllMain                    000000018000e200 f   LIBCMT:dll_dllmain_stub.obj
 0001:0000d200       _get_startup_argv_mode     000000018000e200 f   LIBCMT:argv_mode.obj
 0001:0000d208       ?__scrt_initialize_type_info@@YAXXZ 000000018000e208 f   LIBCMT:tncleanup.obj
 0001:0000d218       ?__scrt_uninitialize_type_info@@YAXXZ 000000018000e218 f   LIBCMT:tncleanup.obj
 0001:0000d224       __local_stdio_scanf_options 000000018000e224 f i LIBCMT:default_local_stdio_options.obj
 0001:0000d22c       __scrt_initialize_default_local_stdio_options 000000018000e22c f   LIBCMT:default_local_stdio_options.obj
 0001:0000d248       __scrt_get_dyn_tls_init_callback 000000018000e248 f   LIBCMT:dyn_tls_init.obj
 0001:0000d250       _RTC_Initialize            000000018000e250 f   LIBCMT:_initsect_.obj
 0001:0000d29c       _RTC_Terminate             000000018000e29c f   LIBCMT:_initsect_.obj
 0001:0000d300       memcpy                     000000018000e300 f   libvcruntime:memcpy.obj
 0001:0000d300       memmove                    000000018000e300 f   libvcruntime:memcpy.obj
 0001:0000d738       _purecall                  000000018000e738 f   libvcruntime:purevirt.obj
 0001:0000d774       __std_exception_copy       000000018000e774 f   libvcruntime:std_exception.obj
 0001:0000d804       __std_exception_destroy    000000018000e804 f   libvcruntime:std_exception.obj
 0001:0000d82c       _CxxThrowException         000000018000e82c f   libvcruntime:throw.obj
 0001:0000d904       __DestructExceptionObject  000000018000e904 f   libvcruntime:frame.obj
 0001:0000d98c       ??0bad_exception@std@@QEAA@AEBV01@@Z 000000018000e98c f i libvcruntime:frame.obj
 0001:0000d9cc       ??0bad_exception@std@@QEAA@XZ 000000018000e9cc f i libvcruntime:frame.obj
 0001:0000e348       ?_CallMemberFunction0@@YAXPEAXP6AX0@Z@Z 000000018000f348 f i libvcruntime:frame.obj
 0001:0000e34c       ?_CallMemberFunction1@@YAXPEAXP6AX0@Z0@Z 000000018000f34c f i libvcruntime:frame.obj
 0001:0000e358       ?_CallMemberFunction2@@YAXPEAXP6AX0@Z0H@Z 000000018000f358 f i libvcruntime:frame.obj
 0001:0000e368       __AdjustPointer            000000018000f368 f   libvcruntime:frame.obj
 0001:0000e38c       __BuildCatchObject         000000018000f38c f   libvcruntime:frame.obj
 0001:0000e450       __BuildCatchObjectHelper   000000018000f450 f   libvcruntime:frame.obj
 0001:0000e630       __CxxCallCatchBlock        000000018000f630 f   libvcruntime:frame.obj
 0001:0000e81c       __FrameUnwindFilter        000000018000f81c f   libvcruntime:frame.obj
 0001:0000e868       __FrameUnwindToState       000000018000f868 f   libvcruntime:frame.obj
 0001:0000e9fc       __InternalCxxFrameHandler  000000018000f9fc f   libvcruntime:frame.obj
 0001:0000ec54       __TypeMatch                000000018000fc54 f   libvcruntime:frame.obj
 0001:0000ed94       __std_terminate            000000018000fd94 f   libvcruntime:frame.obj
 0001:0000eda0       ?_ExecutionInCatch@@YAHPEAU_xDISPATCHER_CONTEXT@@PEBU_s_FuncInfo@@@Z 000000018000fda0 f   libvcruntime:trnsctrl.obj
 0001:0000ee14       ?_GetEstablisherFrame@@YAPEA_KPEA_KPEAU_xDISPATCHER_CONTEXT@@PEBU_s_FuncInfo@@0@Z 000000018000fe14 f   libvcruntime:trnsctrl.obj
 0001:0000eee0       ?_GetRangeOfTrysToCheck@@YAPEBU_s_TryBlockMapEntry@@PEA_KPEBU_s_FuncInfo@@HHPEAI2PEAU_xDISPATCHER_CONTEXT@@@Z 000000018000fee0 f   libvcruntime:trnsctrl.obj
 0001:0000f00c       ?__FrameUnwindToEmptyState@@YAXPEA_KPEAU_xDISPATCHER_CONTEXT@@PEBU_s_FuncInfo@@@Z 000000018001000c f   libvcruntime:trnsctrl.obj
 0001:0000f0a0       ?__SehTransFilter@@YAHPEAU_EXCEPTION_POINTERS@@PEAUEHExceptionRecord@@PEA_KPEAU_CONTEXT@@PEAU_xDISPATCHER_CONTEXT@@PEBU_s_FuncInfo@@PEAH@Z 00000001800100a0 f   libvcruntime:trnsctrl.obj
 0001:0000f138       _CallSETranslator          0000000180010138 f   libvcruntime:trnsctrl.obj
 0001:0000f190       _CreateFrameInfo           0000000180010190 f   libvcruntime:trnsctrl.obj
 0001:0000f1cc       _FindAndUnlinkFrame        00000001800101cc f   libvcruntime:trnsctrl.obj
 0001:0000f224       _GetImageBase              0000000180010224 f   libvcruntime:trnsctrl.obj
 0001:0000f238       _GetThrowImageBase         0000000180010238 f   libvcruntime:trnsctrl.obj
 0001:0000f24c       _IsExceptionObjectToBeDestroyed 000000018001024c f   libvcruntime:trnsctrl.obj
 0001:0000f27c       _SetImageBase              000000018001027c f   libvcruntime:trnsctrl.obj
 0001:0000f294       _SetThrowImageBase         0000000180010294 f   libvcruntime:trnsctrl.obj
 0001:0000f2ac       _UnwindNestedFrames        00000001800102ac f   libvcruntime:trnsctrl.obj
 0001:0000f3d0       __CxxFrameHandler3         00000001800103d0 f   libvcruntime:trnsctrl.obj
 0001:0000f460       memset                     0000000180010460 f   libvcruntime:memset.obj
 0001:0000f610       memcmp                     0000000180010610 f   libvcruntime:memcmp.obj
 0001:0000f6d8       __vcrt_initialize          00000001800106d8 f   libvcruntime:initialization.obj
 0001:0000f70c       __vcrt_thread_attach       000000018001070c f   libvcruntime:initialization.obj
 0001:0000f720       __vcrt_thread_detach       0000000180010720 f   libvcruntime:initialization.obj
 0001:0000f734       __vcrt_uninitialize        0000000180010734 f   libvcruntime:initialization.obj
 0001:0000f754       __vcrt_uninitialize_critical 0000000180010754 f   libvcruntime:initialization.obj
 0001:0000f764       __C_specific_handler       0000000180010764 f   libvcruntime:_chandler_.obj
 0001:0000f960       __std_type_info_compare    0000000180010960 f   libvcruntime:std_type_info.obj
 0001:0000f988       __std_type_info_destroy_list 0000000180010988 f   libvcruntime:std_type_info.obj
 0001:0000f9b4       __vcrt_initialize_pure_virtual_call_handler 00000001800109b4 f   libvcruntime:purevirt_data.obj
 0001:0000f9d8       __vcrt_freefls             00000001800109d8 f   libvcruntime:per_thread_data.obj
 0001:0000f9f8       __vcrt_freeptd             00000001800109f8 f   libvcruntime:per_thread_data.obj
 0001:0000fa48       __vcrt_getptd              0000000180010a48 f   libvcruntime:per_thread_data.obj
 0001:0000fa64       __vcrt_getptd_noexit       0000000180010a64 f   libvcruntime:per_thread_data.obj
 0001:0000fb1c       __vcrt_initialize_ptd      0000000180010b1c f   libvcruntime:per_thread_data.obj
 0001:0000fb5c       __vcrt_uninitialize_ptd    0000000180010b5c f   libvcruntime:per_thread_data.obj
 0001:0000fb80       ?__GetCurrentState@@YAHPEA_KPEAU_xDISPATCHER_CONTEXT@@PEBU_s_FuncInfo@@@Z 0000000180010b80 f   libvcruntime:ehstate.obj
 0001:0000fba8       ?__GetUnwindTryBlock@@YAHPEA_KPEAU_xDISPATCHER_CONTEXT@@PEBU_s_FuncInfo@@@Z 0000000180010ba8 f   libvcruntime:ehstate.obj
 0001:0000fbd4       ?__SetState@@YAXPEA_KPEAU_xDISPATCHER_CONTEXT@@PEBU_s_FuncInfo@@H@Z 0000000180010bd4 f   libvcruntime:ehstate.obj
 0001:0000fbe0       ?__SetUnwindTryBlock@@YAXPEA_KPEAU_xDISPATCHER_CONTEXT@@PEBU_s_FuncInfo@@H@Z 0000000180010be0 f   libvcruntime:ehstate.obj
 0001:0000fc1c       ?__StateFromControlPc@@YAHPEBU_s_FuncInfo@@PEAU_xDISPATCHER_CONTEXT@@@Z 0000000180010c1c f   libvcruntime:ehstate.obj
 0001:0000fc24       ?__StateFromIp@@YAHPEBU_s_FuncInfo@@PEAU_xDISPATCHER_CONTEXT@@_J@Z 0000000180010c24 f   libvcruntime:ehstate.obj
 0001:0000fca0       _CallSettingFrame          0000000180010ca0 f   libvcruntime:handlers.obj
 0001:0000fcf0       _local_unwind              0000000180010cf0 f   libvcruntime:_jmpuwind_.obj
 0001:0000fd20       _NLG_Notify                0000000180010d20 f   libvcruntime:_jmpuwind_.obj
 0001:0000fd40       __NLG_Dispatch2            0000000180010d40 f   libvcruntime:_jmpuwind_.obj
 0001:0000fd50       __NLG_Return2              0000000180010d50 f   libvcruntime:_jmpuwind_.obj
 0001:0000fd54       __vcrt_initialize_locks    0000000180010d54 f   libvcruntime:locks.obj
 0001:0000fd9c       __vcrt_uninitialize_locks  0000000180010d9c f   libvcruntime:locks.obj
 0001:0000ff9c       __vcrt_FlsAlloc            0000000180010f9c f   libvcruntime:winapi_downlevel.obj
 0001:0000fff0       __vcrt_FlsFree             0000000180010ff0 f   libvcruntime:winapi_downlevel.obj
 0001:00010044       __vcrt_FlsGetValue         0000000180011044 f   libvcruntime:winapi_downlevel.obj
 0001:00010098       __vcrt_FlsSetValue         0000000180011098 f   libvcruntime:winapi_downlevel.obj
 0001:00010100       __vcrt_InitializeCriticalSectionEx 0000000180011100 f   libvcruntime:winapi_downlevel.obj
 0001:00010178       __vcrt_initialize_winapi_thunks 0000000180011178 f   libvcruntime:winapi_downlevel.obj
 0001:000101c4       __vcrt_uninitialize_winapi_thunks 00000001800111c4 f   libvcruntime:winapi_downlevel.obj
 0001:00010204       __acrt_call_reportfault    0000000180011204 f   libucrt:invalid_parameter.obj
 0001:00010360       __acrt_initialize_invalid_parameter_handler 0000000180011360 f   libucrt:invalid_parameter.obj
 0001:00010368       _invalid_parameter         0000000180011368 f   libucrt:invalid_parameter.obj
 0001:00010410       _invalid_parameter_noinfo  0000000180011410 f   libucrt:invalid_parameter.obj
 0001:00010430       _invalid_parameter_noinfo_noreturn 0000000180011430 f   libucrt:invalid_parameter.obj
 0001:00010460       _invoke_watson             0000000180011460 f   libucrt:invalid_parameter.obj
 0001:000104a8       abort                      00000001800114a8 f   libucrt:abort.obj
 0001:00010500       calloc                     0000000180011500 f   libucrt:calloc.obj
 0001:00010508       strcspn                    0000000180011508 f   libucrt:strcspn.obj
 0001:00010750       ??$ensure_buffer_is_big_enough@D@formatting_buffer@__crt_stdio_output@@QEAA_N_K@Z 0000000180011750 f i libucrt:output.obj
 0001:000107fc       ??$is_wide_character_specifier@D@__crt_stdio_output@@YA_N_KDW4length_modifier@0@@Z 00000001800117fc f i libucrt:output.obj
 0001:0001082c       ??$type_case_integer_parse_into_buffer@I@?$output_processor@DV?$string_output_adapter@D@__crt_stdio_output@@V?$format_validation_base@DV?$string_output_adapter@D@__crt_stdio_output@@@2@@__crt_stdio_output@@AEAAXII_N@Z 000000018001182c f i libucrt:output.obj
 0001:000108c8       ??$type_case_integer_parse_into_buffer@_K@?$output_processor@DV?$string_output_adapter@D@__crt_stdio_output@@V?$format_validation_base@DV?$string_output_adapter@D@__crt_stdio_output@@@2@@__crt_stdio_output@@AEAAX_KI_N@Z 00000001800118c8 f i libucrt:output.obj
 0001:00010964       ??$write_multiple_characters@V?$string_output_adapter@D@__crt_stdio_output@@D@__crt_stdio_output@@YAXAEBV?$string_output_adapter@D@0@DHQEAH@Z 0000000180011964 f i libucrt:output.obj
 0001:000109c0       ??0?$output_processor@DV?$string_output_adapter@D@__crt_stdio_output@@V?$format_validation_base@DV?$string_output_adapter@D@__crt_stdio_output@@@2@@__crt_stdio_output@@QEAA@AEBV?$string_output_adapter@D@1@_KQEBDQEAU__crt_locale_pointers@@QEAD@Z 00000001800119c0 f i libucrt:output.obj
 0001:00010a3c       ??0_LocaleUpdate@@QEAA@QEAU__crt_locale_pointers@@@Z 0000000180011a3c f i libucrt:output.obj
 0001:00010acc       ?force_decimal_point@__crt_stdio_output@@YAXPEADQEAU__crt_locale_pointers@@@Z 0000000180011acc f i libucrt:output.obj
 0001:00010b3c       ?parse_int_from_format_string@?$output_processor@DV?$string_output_adapter@D@__crt_stdio_output@@V?$format_validation_base@DV?$string_output_adapter@D@__crt_stdio_output@@@2@@__crt_stdio_output@@AEAA_NQEAH@Z 0000000180011b3c f i libucrt:output.obj
 0001:00010bc0       ?process@?$output_processor@DV?$string_output_adapter@D@__crt_stdio_output@@V?$format_validation_base@DV?$string_output_adapter@D@__crt_stdio_output@@@2@@__crt_stdio_output@@QEAAHXZ 0000000180011bc0 f i libucrt:output.obj
 0001:00010dd4       ?state_case_normal@?$output_processor@DV?$string_output_adapter@D@__crt_stdio_output@@V?$format_validation_base@DV?$string_output_adapter@D@__crt_stdio_output@@@2@@__crt_stdio_output@@AEAA_NXZ 0000000180011dd4 f i libucrt:output.obj
 0001:00010e48       ?state_case_normal_tchar@?$output_processor@DV?$string_output_adapter@D@__crt_stdio_output@@V?$format_validation_base@DV?$string_output_adapter@D@__crt_stdio_output@@@2@@__crt_stdio_output@@AEAA_ND@Z 0000000180011e48 f i libucrt:output.obj
 0001:00010ee0       ?state_case_size@?$output_processor@DV?$string_output_adapter@D@__crt_stdio_output@@V?$format_validation_base@DV?$string_output_adapter@D@__crt_stdio_output@@@2@@__crt_stdio_output@@AEAA_NXZ 0000000180011ee0 f i libucrt:output.obj
 0001:0001105c       ?state_case_type@?$output_processor@DV?$string_output_adapter@D@__crt_stdio_output@@V?$format_validation_base@DV?$string_output_adapter@D@__crt_stdio_output@@@2@@__crt_stdio_output@@AEAA_NXZ 000000018001205c f i libucrt:output.obj
 0001:000112d8       ?type_case_Z@?$output_processor@DV?$string_output_adapter@D@__crt_stdio_output@@V?$format_validation_base@DV?$string_output_adapter@D@__crt_stdio_output@@@2@@__crt_stdio_output@@AEAA_NXZ 00000001800122d8 f i libucrt:output.obj
 0001:00011358       ?type_case_a@?$output_processor@DV?$string_output_adapter@D@__crt_stdio_output@@V?$format_validation_base@DV?$string_output_adapter@D@__crt_stdio_output@@@2@@__crt_stdio_output@@AEAA_NXZ 0000000180012358 f i libucrt:output.obj
 0001:00011574       ?type_case_c_tchar@?$output_processor@DV?$string_output_adapter@D@__crt_stdio_output@@V?$format_validation_base@DV?$string_output_adapter@D@__crt_stdio_output@@@2@@__crt_stdio_output@@AEAA_ND@Z 0000000180012574 f i libucrt:output.obj
 0001:00011628       ?type_case_integer@?$output_processor@DV?$string_output_adapter@D@__crt_stdio_output@@V?$format_validation_base@DV?$string_output_adapter@D@__crt_stdio_output@@@2@@__crt_stdio_output@@AEAA_NI_N@Z 0000000180012628 f i libucrt:output.obj
 0001:000117c8       ?type_case_n@?$output_processor@DV?$string_output_adapter@D@__crt_stdio_output@@V?$format_validation_base@DV?$string_output_adapter@D@__crt_stdio_output@@@2@@__crt_stdio_output@@AEAA_NXZ 00000001800127c8 f i libucrt:output.obj
 0001:000118a4       ?type_case_s@?$output_processor@DV?$string_output_adapter@D@__crt_stdio_output@@V?$format_validation_base@DV?$string_output_adapter@D@__crt_stdio_output@@@2@@__crt_stdio_output@@AEAA_NXZ 00000001800128a4 f i libucrt:output.obj
 0001:00011934       ?write_stored_string_tchar@?$output_processor@DV?$string_output_adapter@D@__crt_stdio_output@@V?$format_validation_base@DV?$string_output_adapter@D@__crt_stdio_output@@@2@@__crt_stdio_output@@AEAA_ND@Z 0000000180012934 f i libucrt:output.obj
 0001:00011a0c       ?write_string@?$string_output_adapter@D@__crt_stdio_output@@QEBAXQEBDHQEAH1@Z 0000000180012a0c f i libucrt:output.obj
 0001:00011ac8       __stdio_common_vsprintf_s  0000000180012ac8 f   libucrt:output.obj
 0001:00011b2c       localeconv                 0000000180012b2c f   libucrt:localeconv.obj
 0001:00011b60       free                       0000000180012b60 f   libucrt:free.obj
 0001:00011b68       frexp                      0000000180012b68 f   libucrt:frexp.obj
 0001:00011c60       malloc                     0000000180012c60 f   libucrt:malloc.obj
 0001:00011c68       __acrt_initialize_locks    0000000180012c68 f   libucrt:locks.obj
 0001:00011cb0       __acrt_lock                0000000180012cb0 f   libucrt:locks.obj
 0001:00011ccc       __acrt_uninitialize_locks  0000000180012ccc f   libucrt:locks.obj
 0001:00011d04       __acrt_unlock              0000000180012d04 f   libucrt:locks.obj
 0001:00011d20       _lock_locales              0000000180012d20 f   libucrt:locks.obj
 0001:00011d30       _unlock_locales            0000000180012d30 f   libucrt:locks.obj
 0001:00011e28       setlocale                  0000000180012e28 f   libucrt:setlocale.obj
 0001:00011ff4       _calloc_base               0000000180012ff4 f   libucrt:calloc_base.obj
 0001:0001206c       __pctype_func              000000018001306c f   libucrt:ctype.obj
 0001:0001209c       isdigit                    000000018001309c f i libucrt:_ctype.obj
 0001:00012110       islower                    0000000180013110 f i libucrt:_ctype.obj
 0001:00012184       isupper                    0000000180013184 f i libucrt:_ctype.obj
 0001:000121f8       _wcsdup                    00000001800131f8 f   libucrt:wcsdup.obj
 0001:0001227c       ___lc_codepage_func        000000018001327c f   libucrt:initctype.obj
 0001:000122ac       ___lc_locale_name_func     00000001800132ac f   libucrt:initctype.obj
 0001:000122e0       ___mb_cur_max_func         00000001800132e0 f   libucrt:initctype.obj
 0001:00012310       __acrt_locale_initialize_ctype 0000000180013310 f   libucrt:initctype.obj
 0001:000128e4       __acrt_errno_from_os_error 00000001800138e4 f   libucrt:errno.obj
 0001:0001292c       __acrt_errno_map_os_error  000000018001392c f   libucrt:errno.obj
 0001:0001297c       __doserrno                 000000018001397c f   libucrt:errno.obj
 0001:0001299c       _errno                     000000018001399c f   libucrt:errno.obj
 0001:00012a34       _ismbblead                 0000000180013a34 f   libucrt:ismbbyte.obj
 0001:00012a48       _malloc_base               0000000180013a48 f   libucrt:malloc_base.obj
 0001:00012aa8       _realloc_base              0000000180013aa8 f   libucrt:realloc_base.obj
 0001:00012b30       ?divide@__crt_strtox@@YA_KAEAUbig_integer@1@AEBU21@@Z 0000000180013b30 f i libucrt:strtod.obj
 0001:00013090       pow                        0000000180014090 f   libucrt:pow.obj
 0001:00014730       powf                       0000000180015730 f   libucrt:powf.obj
 0001:000155f8       __strncnt                  00000001800165f8 f   libucrt:strncnt.obj
 0001:00015610       _free_base                 0000000180016610 f   libucrt:free_base.obj
 0001:000156a0       _tolower_l                 00000001800166a0 f   libucrt:tolower_toupper.obj
 0001:000157e0       tolower                    00000001800167e0 f   libucrt:tolower_toupper.obj
 0001:0001580c       wcscpy_s                   000000018001680c f   libucrt:wcscpy_s.obj
 0001:00015874       strnlen                    0000000180016874 f   libucrt:strnlen.obj
 0001:000159d0       wcsnlen                    00000001800169d0 f   libucrt:strnlen.obj
 0001:00015bc0       __acrt_initialize_new_handler 0000000180016bc0 f   libucrt:new_handler.obj
 0001:00015bc8       _callnewh                  0000000180016bc8 f   libucrt:new_handler.obj
 0001:00015c08       _query_new_handler         0000000180016c08 f   libucrt:new_handler.obj
 0001:00015c3c       _seh_filter_dll            0000000180016c3c f   libucrt:exception_filter.obj
 0001:00015c50       _seh_filter_exe            0000000180016c50 f   libucrt:exception_filter.obj
 0001:00016010       __acrt_initialize_thread_local_exit_callback 0000000180017010 f   libucrt:exit.obj
 0001:00016018       _cexit                     0000000180017018 f   libucrt:exit.obj
 0001:00016028       _exit                      0000000180017028 f   libucrt:exit.obj
 0001:00016034       _is_c_termination_complete 0000000180017034 f   libucrt:exit.obj
 0001:000161f8       __acrt_allocate_buffer_for_argv 00000001800171f8 f   libucrt:argv_parsing.obj
 0001:0001625c       _configure_narrow_argv     000000018001725c f   libucrt:argv_parsing.obj
 0001:000165b8       __dcrt_uninitialize_environments_nolock 00000001800175b8 f   libucrt:environment_initialization.obj
 0001:000165f0       _initialize_narrow_environment 00000001800175f0 f   libucrt:environment_initialization.obj
 0001:000165f8       ??$?RV<lambda_b8c45f8f788dd370798f47cfe8ac3a86>@@AEAV<lambda_4e60a939b0d047cfe11ddc22648dfba9>@@V<lambda_332c3edc96d0294ec56c57d38c1cdfd5>@@@?$__crt_seh_guarded_call@H@@QEAAH$$QEAV<lambda_b8c45f8f788dd370798f47cfe8ac3a86>@@AEAV<lambda_4e60a939b0d047cfe11ddc22648dfba9>@@$$QEAV<lambda_332c3edc96d0294ec56c57d38c1cdfd5>@@@Z 00000001800175f8 f i libucrt:onexit.obj
 0001:00016634       ??$?RV<lambda_e24bbb7b643b32fcea6fa61b31d4c984>@@AEAV<lambda_275893d493268fdec8709772e3fcec0e>@@V<lambda_9d71df4d7cf3f480f8d633942495c3b0>@@@?$__crt_seh_guarded_call@H@@QEAAH$$QEAV<lambda_e24bbb7b643b32fcea6fa61b31d4c984>@@AEAV<lambda_275893d493268fdec8709772e3fcec0e>@@$$QEAV<lambda_9d71df4d7cf3f480f8d633942495c3b0>@@@Z 0000000180017634 f i libucrt:onexit.obj
 0001:000169b0       _crt_atexit                00000001800179b0 f   libucrt:onexit.obj
 0001:000169c0       _execute_onexit_table      00000001800179c0 f   libucrt:onexit.obj
 0001:000169fc       _initialize_onexit_table   00000001800179fc f   libucrt:onexit.obj
 0001:00016a3c       _register_onexit_function  0000000180017a3c f   libucrt:onexit.obj
 0001:00016abc       __acrt_uninitialize_command_line 0000000180017abc f   libucrt:argv_data.obj
 0001:00016bbc       __acrt_initialize          0000000180017bbc f   libucrt:initialization.obj
 0001:00016bd0       __acrt_thread_attach       0000000180017bd0 f   libucrt:initialization.obj
 0001:00016be4       __acrt_thread_detach       0000000180017be4 f   libucrt:initialization.obj
 0001:00016bf4       __acrt_uninitialize        0000000180017bf4 f   libucrt:initialization.obj
 0001:00016c08       __acrt_uninitialize_critical 0000000180017c08 f   libucrt:initialization.obj
 0001:00016c18       _initterm                  0000000180017c18 f   libucrt:initterm.obj
 0001:00016c90       _initterm_e                0000000180017c90 f   libucrt:initterm.obj
 0001:00016cdc       terminate                  0000000180017cdc f   libucrt:terminate.obj
 0001:00016d04       strcpy_s                   0000000180017d04 f   libucrt:strcpy_s.obj
 0001:00016d64       ??$is_overflow_condition@K@__crt_strtox@@YA_NIK@Z 0000000180017d64 f i libucrt:atox.obj
 0001:00016d90       ??$make_c_string_character_source@_W$$T@__crt_strtox@@YA?AV?$c_string_character_source@_W@0@QEB_W$$T@Z 0000000180017d90 f i libucrt:atox.obj
 0001:00016d90       ??$make_c_string_character_source@DPEAPEAD@__crt_strtox@@YA?AV?$c_string_character_source@D@0@QEBDQEAPEAD@Z 0000000180017d90 f i libucrt:strtod.obj
 0001:00016da4       ??$parse_integer@KV?$c_string_character_source@D@__crt_strtox@@@__crt_strtox@@YAKQEAU__crt_locale_pointers@@V?$c_string_character_source@D@0@H_N@Z 0000000180017da4 f i libucrt:atox.obj
 0001:000170b8       ??$parse_integer@KV?$c_string_character_source@_W@__crt_strtox@@@__crt_strtox@@YAKQEAU__crt_locale_pointers@@V?$c_string_character_source@_W@0@H_N@Z 00000001800180b8 f i libucrt:atox.obj
 0001:0001778c       _wtol                      000000018001878c f   libucrt:atox.obj
 0001:000177b8       ??$?RV<lambda_46352004c1216016012b18bd6f87e700>@@AEAV<lambda_3bd07e1a1191394380780325891bf33f>@@V<lambda_334532d3f185bcaa59b5be82d7d22bff>@@@?$__crt_seh_guarded_call@X@@QEAAX$$QEAV<lambda_46352004c1216016012b18bd6f87e700>@@AEAV<lambda_3bd07e1a1191394380780325891bf33f>@@$$QEAV<lambda_334532d3f185bcaa59b5be82d7d22bff>@@@Z 00000001800187b8 f i libucrt:per_thread_data.obj
 0001:00017818       ??$?RV<lambda_5e887d1dcbef67a5eb4283622ba103bf>@@AEAV<lambda_4466841279450cc726390878d4a41900>@@V<lambda_341c25c0346d94847f1f3c463c57e077>@@@?$__crt_seh_guarded_call@X@@QEAAX$$QEAV<lambda_5e887d1dcbef67a5eb4283622ba103bf>@@AEAV<lambda_4466841279450cc726390878d4a41900>@@$$QEAV<lambda_341c25c0346d94847f1f3c463c57e077>@@@Z 0000000180018818 f i libucrt:per_thread_data.obj
 0001:00017860       ??$?RV<lambda_72d1df2b273a38828b1ce30cbf4cdab5>@@AEAV<lambda_876a65b173b8412d3a47c70a915b0cf4>@@V<lambda_41932305e351933ebe8f8be3ed8bb5dc>@@@?$__crt_seh_guarded_call@X@@QEAAX$$QEAV<lambda_72d1df2b273a38828b1ce30cbf4cdab5>@@AEAV<lambda_876a65b173b8412d3a47c70a915b0cf4>@@$$QEAV<lambda_41932305e351933ebe8f8be3ed8bb5dc>@@@Z 0000000180018860 f i libucrt:per_thread_data.obj
 0001:000178a0       ??$?RV<lambda_fb3a7dec4e47f37f22dae91bb15c9095>@@AEAV<lambda_698284760c8add0bfb0756c19673e34b>@@V<lambda_dfb8eca1e75fef3034a8fb18dd509707>@@@?$__crt_seh_guarded_call@X@@QEAAX$$QEAV<lambda_fb3a7dec4e47f37f22dae91bb15c9095>@@AEAV<lambda_698284760c8add0bfb0756c19673e34b>@@$$QEAV<lambda_dfb8eca1e75fef3034a8fb18dd509707>@@@Z 00000001800188a0 f i libucrt:per_thread_data.obj
 0001:00017b30       __acrt_freeptd             0000000180018b30 f   libucrt:per_thread_data.obj
 0001:00017b74       __acrt_getptd              0000000180018b74 f   libucrt:per_thread_data.obj
 0001:00017c08       __acrt_getptd_noexit       0000000180018c08 f   libucrt:per_thread_data.obj
 0001:00017ca8       __acrt_initialize_ptd      0000000180018ca8 f   libucrt:per_thread_data.obj
 0001:00017ce4       __acrt_uninitialize_ptd    0000000180018ce4 f   libucrt:per_thread_data.obj
 0001:00017d08       ??$?RV<lambda_c36588078e9f5dfd39652860aa6b3aaf>@@AEAV<lambda_ec61778202f4f5fc7e7711acc23c3bca>@@V<lambda_dc9d2797ccde5d239b4a0efae8ebd7db>@@@?$__crt_seh_guarded_call@P6AXH@Z@@QEAAP6AXH@Z$$QEAV<lambda_c36588078e9f5dfd39652860aa6b3aaf>@@AEAV<lambda_ec61778202f4f5fc7e7711acc23c3bca>@@$$QEAV<lambda_dc9d2797ccde5d239b4a0efae8ebd7db>@@@Z 0000000180018d08 f i libucrt:signal.obj
 0001:00017d50       __acrt_get_sigabrt_handler 0000000180018d50 f   libucrt:signal.obj
 0001:00017d80       __acrt_initialize_signal_handlers 0000000180018d80 f   libucrt:signal.obj
 0001:00017da0       raise                      0000000180018da0 f   libucrt:signal.obj
 0001:0001803c       strtol                     000000018001903c f   libucrt:strtox.obj
 0001:0001806c       _mbtowc_l                  000000018001906c f   libucrt:mbtowc.obj
 0001:000181b4       mbtowc                     00000001800191b4 f   libucrt:mbtowc.obj
 0001:000181bc       _wctomb_s_l                00000001800191bc f   libucrt:wctomb.obj
 0001:00018340       wctomb_s                   0000000180019340 f   libucrt:wctomb.obj
 0001:00018354       __acrt_update_locale_info  0000000180019354 f   libucrt:locale_update.obj
 0001:00018388       __acrt_update_multibyte_info 0000000180019388 f   libucrt:locale_update.obj
 0001:000183bc       ?__acrt_fp_classify@@YA?AW4__acrt_fp_class@@AEBN@Z 00000001800193bc f i libucrt:cvt.obj
 0001:00018df4       __acrt_fp_format           0000000180019df4 f   libucrt:cvt.obj
 0001:00019038       _fileno                    000000018001a038 f   libucrt:fileno.obj
 0001:00019060       __acrt_initialize_stdio    000000018001a060 f   libucrt:_file.obj
 0001:00019180       __acrt_uninitialize_stdio  000000018001a180 f   libucrt:_file.obj
 0001:000191dc       _lock_file                 000000018001a1dc f   libucrt:_file.obj
 0001:000191e8       _unlock_file               000000018001a1e8 f   libucrt:_file.obj
 0001:000191f4       _get_printf_count_output   000000018001a1f4 f   libucrt:printf_count_output.obj
 0001:0001920c       ??$?RV<lambda_5df02c53a8f32f81fd64e5bbb78039f1>@@AEAV<lambda_2af78c5f5901b1372d98f9ab3177dfa6>@@AEAV<lambda_f51fe5fd7c79a33db34fc9310f277369>@@@?$__crt_seh_guarded_call@X@@QEAAX$$QEAV<lambda_5df02c53a8f32f81fd64e5bbb78039f1>@@AEAV<lambda_2af78c5f5901b1372d98f9ab3177dfa6>@@AEAV<lambda_f51fe5fd7c79a33db34fc9310f277369>@@@Z 000000018001a20c f i libucrt:wsetlocale.obj
 0001:00019238       ??$?RV<lambda_d67e8342c384adda8f857579ab50b2ae>@@AEAV<lambda_30712929f77e709619002f448b6a9510>@@V<lambda_4525336fd7e478d965fb7ca7a337cad8>@@@?$__crt_seh_guarded_call@X@@QEAAX$$QEAV<lambda_d67e8342c384adda8f857579ab50b2ae>@@AEAV<lambda_30712929f77e709619002f448b6a9510>@@$$QEAV<lambda_4525336fd7e478d965fb7ca7a337cad8>@@@Z 000000018001a238 f i libucrt:wsetlocale.obj
 0001:00019404       __acrt_copy_locale_name    000000018001a404 f   libucrt:wsetlocale.obj
 0001:00019488       __acrt_set_locale_changed  000000018001a488 f   libucrt:wsetlocale.obj
 0001:00019494       __acrt_uninitialize_locale 000000018001a494 f   libucrt:wsetlocale.obj
 0001:000194dc       __lc_lctowcs               000000018001a4dc f   libucrt:wsetlocale.obj
 0001:00019580       __lc_wcstolc               000000018001a580 f   libucrt:wsetlocale.obj
 0001:000197f8       _expandlocale              000000018001a7f8 f   libucrt:wsetlocale.obj
 0001:00019bf4       _wcscats                   000000018001abf4 f   libucrt:wsetlocale.obj
 0001:00019c5c       _wsetlocale                000000018001ac5c f   libucrt:wsetlocale.obj
 0001:0001a690       __acrt_initialize_lowio    000000018001b690 f   libucrt:ioinit.obj
 0001:0001a6cc       __acrt_uninitialize_lowio  000000018001b6cc f   libucrt:ioinit.obj
 0001:0001a70c       _dsign                     000000018001b70c f   libucrt:nan.obj
 0001:0001a724       _errcode                   000000018001b724 f   libucrt:fpexcept.obj
 0001:0001a768       _except1                   000000018001b768 f   libucrt:fpexcept.obj
 0001:0001a85c       _handle_exc                000000018001b85c f   libucrt:fpexcept.obj
 0001:0001aac4       _raise_exc                 000000018001bac4 f   libucrt:fpexcept.obj
 0001:0001aaec       _raise_exc_ex              000000018001baec f   libucrt:fpexcept.obj
 0001:0001adf4       _raise_excf                000000018001bdf4 f   libucrt:fpexcept.obj
 0001:0001ae20       _set_errno_from_matherr    000000018001be20 f   libucrt:fpexcept.obj
 0001:0001ae50       _umatherr                  000000018001be50 f   libucrt:fpexcept.obj
 0001:0001af24       _decomp                    000000018001bf24 f   libucrt:util.obj
 0001:0001b058       _sptype                    000000018001c058 f   libucrt:util.obj
 0001:0001b0cc       _clrfp                     000000018001c0cc f   libucrt:fpctrl.obj
 0001:0001b0ec       _ctrlfp                    000000018001c0ec f   libucrt:fpctrl.obj
 0001:0001b168       _set_statfp                000000018001c168 f   libucrt:fpctrl.obj
 0001:0001b188       _statfp                    000000018001c188 f   libucrt:fpctrl.obj
 0001:0001b1e0       ??$?RV<lambda_630b2aca97f6d20d5b5ea6529ea6b6af>@@AEAV<lambda_af91936f1d075d609f72d9d8cba980af>@@V<lambda_e82fa975f615b5c7c7b0e4d178fdae67>@@@?$__crt_seh_guarded_call@H@@QEAAH$$QEAV<lambda_630b2aca97f6d20d5b5ea6529ea6b6af>@@AEAV<lambda_af91936f1d075d609f72d9d8cba980af>@@$$QEAV<lambda_e82fa975f615b5c7c7b0e4d178fdae67>@@@Z 000000018001c1e0 f i libucrt:winapi_thunks.obj
 0001:0001b418       __acrt_EnumSystemLocalesEx 000000018001c418 f   libucrt:winapi_thunks.obj
 0001:0001b4c0       __acrt_FlsAlloc            000000018001c4c0 f   libucrt:winapi_thunks.obj
 0001:0001b518       __acrt_FlsFree             000000018001c518 f   libucrt:winapi_thunks.obj
 0001:0001b570       __acrt_FlsGetValue         000000018001c570 f   libucrt:winapi_thunks.obj
 0001:0001b5c8       __acrt_FlsSetValue         000000018001c5c8 f   libucrt:winapi_thunks.obj
 0001:0001b630       __acrt_GetLocaleInfoEx     000000018001c630 f   libucrt:winapi_thunks.obj
 0001:0001b6c8       __acrt_GetUserDefaultLocaleName 000000018001c6c8 f   libucrt:winapi_thunks.obj
 0001:0001b73c       __acrt_InitializeCriticalSectionEx 000000018001c73c f   libucrt:winapi_thunks.obj
 0001:0001b7b4       __acrt_IsValidLocaleName   000000018001c7b4 f   libucrt:winapi_thunks.obj
 0001:0001b81c       __acrt_LCIDToLocaleName    000000018001c81c f   libucrt:winapi_thunks.obj
 0001:0001b8a8       __acrt_LCMapStringEx       000000018001c8a8 f   libucrt:winapi_thunks.obj
 0001:0001b998       __acrt_LocaleNameToLCID    000000018001c998 f   libucrt:winapi_thunks.obj
 0001:0001ba00       __acrt_can_use_vista_locale_apis 000000018001ca00 f   libucrt:winapi_thunks.obj
 0001:0001ba30       __acrt_initialize_winapi_thunks 000000018001ca30 f   libucrt:winapi_thunks.obj
 0001:0001ba68       __acrt_is_packaged_app     000000018001ca68 f   libucrt:winapi_thunks.obj
 0001:0001baf0       __acrt_uninitialize_winapi_thunks 000000018001caf0 f   libucrt:winapi_thunks.obj
 0001:0001bd10       _mbstowcs_s_l              000000018001cd10 f   libucrt:mbstowcs.obj
 0001:0001be40       mbstowcs_s                 000000018001ce40 f   libucrt:mbstowcs.obj
 0001:0001c194       _wcstombs_s_l              000000018001d194 f   libucrt:wcstombs.obj
 0001:0001c280       _query_new_mode            000000018001d280 f   libucrt:new_mode.obj
 0001:0001c288       __acrt_initialize_heap     000000018001d288 f   libucrt:heap_handle.obj
 0001:0001c2a4       __acrt_uninitialize_heap   000000018001d2a4 f   libucrt:heap_handle.obj
 0001:0001c2b0       _isctype_l                 000000018001d2b0 f   libucrt:isctype.obj
 0001:0001c560       __acrt_GetLocaleInfoA      000000018001d560 f   libucrt:getlocaleinfoa.obj
 0001:0001c728       __acrt_GetStringTypeA      000000018001d728 f   libucrt:getstringtypea.obj
 0001:0001cc38       __acrt_LCMapStringA        000000018001dc38 f   libucrt:lcmapstringa.obj
 0001:0001ccd0       iswctype                   000000018001dcd0 f   libucrt:iswctype.obj
 0001:0001cd40       __acrt_initialize_fma3     000000018001dd40 f   libucrt:fma3_available.obj
 0001:0001cdb0       _pow_special               000000018001ddb0 f   libucrt:pow_special.obj
 0001:0001ced4       _powf_special              000000018001ded4 f   libucrt:pow_special.obj
 0001:0001d060       _wcsicmp                   000000018001e060 f   libucrt:wcsicmp.obj
 0001:0001d0e8       _wcsicmp_l                 000000018001e0e8 f   libucrt:wcsicmp.obj
 0001:0001d1d8       __acrt_initialize_timeset  000000018001e1d8 f   libucrt:timeset.obj
 0001:0001d208       _isleadbyte_l              000000018001e208 f i libucrt:_wctype.obj
 0001:0001d724       ?expand_if_necessary@?$argument_list@D@?A0xca0879c4@@AEAAHXZ 000000018001e724 f i libucrt:argv_wildcards.obj
 0001:0001d7ec       __acrt_expand_narrow_argv_wildcards 000000018001e7ec f   libucrt:argv_wildcards.obj
 0001:0001d7f4       ??$?RV<lambda_99476a1ad63dd22509b5d3e65b0ffc95>@@AEAV<lambda_ad1ced32f4ac17aa236e5ef05d6b3b7c>@@V<lambda_f7424dd8d45958661754dc4f2697e9c3>@@@?$__crt_seh_guarded_call@X@@QEAAX$$QEAV<lambda_99476a1ad63dd22509b5d3e65b0ffc95>@@AEAV<lambda_ad1ced32f4ac17aa236e5ef05d6b3b7c>@@$$QEAV<lambda_f7424dd8d45958661754dc4f2697e9c3>@@@Z 000000018001e7f4 f i libucrt:mbctype.obj
 0001:0001def0       __acrt_initialize_multibyte 000000018001eef0 f   libucrt:mbctype.obj
 0001:0001df18       __acrt_update_thread_multibyte_data 000000018001ef18 f   libucrt:mbctype.obj
 0001:0001dfd8       _setmbcp_nolock            000000018001efd8 f   libucrt:mbctype.obj
 0001:0001e280       __acrt_initialize_command_line 000000018001f280 f   libucrt:argv_data.obj
 0001:0001e2a8       __dcrt_get_narrow_environment_from_os 000000018001f2a8 f   libucrt:get_environment_from_os.obj
 0001:0001e3ac       _recalloc                  000000018001f3ac f   libucrt:recalloc.obj
 0001:0001e3b4       _recalloc_base             000000018001f3b4 f   libucrt:recalloc.obj
 0001:0001e44c       __acrt_execute_initializers 000000018001f44c f   libucrt:shared_initialization.obj
 0001:0001e4e0       __acrt_execute_uninitializers 000000018001f4e0 f   libucrt:shared_initialization.obj
 0001:0001e530       __acrt_has_user_matherr    000000018001f530 f   libucrt:matherr.obj
 0001:0001e550       __acrt_initialize_user_matherr 000000018001f550 f   libucrt:matherr.obj
 0001:0001e558       __acrt_invoke_user_matherr 000000018001f558 f   libucrt:matherr.obj
 0001:0001e5a0       __acrt_add_locale_ref      000000018001f5a0 f   libucrt:locale_refcounting.obj
 0001:0001e62c       __acrt_free_locale         000000018001f62c f   libucrt:locale_refcounting.obj
 0001:0001e7a4       __acrt_locale_add_lc_time_reference 000000018001f7a4 f   libucrt:locale_refcounting.obj
 0001:0001e7cc       __acrt_locale_free_lc_time_if_unreferenced 000000018001f7cc f   libucrt:locale_refcounting.obj
 0001:0001e804       __acrt_locale_release_lc_time_reference 000000018001f804 f   libucrt:locale_refcounting.obj
 0001:0001e82c       __acrt_release_locale_ref  000000018001f82c f   libucrt:locale_refcounting.obj
 0001:0001e8d4       __acrt_update_thread_locale_data 000000018001f8d4 f   libucrt:locale_refcounting.obj
 0001:0001e944       _updatetlocinfoEx_nolock   000000018001f944 f   libucrt:locale_refcounting.obj
 0001:0001e9ac       __acrt_fp_strflt_to_string 000000018001f9ac f   libucrt:_fptostr.obj
 0001:0001ea6c       __acrt_fltout              000000018001fa6c f   libucrt:cfout.obj
 0001:0001fdd8       _fcloseall                 0000000180020dd8 f   libucrt:closeall.obj
 0001:0001fe8c       __acrt_stdio_flush_nolock  0000000180020e8c f   libucrt:fflush.obj
 0001:0001ff04       _fflush_nolock             0000000180020f04 f   libucrt:fflush.obj
 0001:0001ff50       _flushall                  0000000180020f50 f   libucrt:fflush.obj
 0001:00020040       __acrt_stdio_free_buffer_nolock 0000000180021040 f   libucrt:_freebuf.obj
 0001:00020080       _isatty                    0000000180021080 f   libucrt:isatty.obj
 0001:000200e0       __acrt_locale_free_monetary 00000001800210e0 f   libucrt:initmon.obj
 0001:000201ec       __acrt_locale_initialize_monetary 00000001800211ec f   libucrt:initmon.obj
 0001:00020724       __acrt_locale_free_numeric 0000000180021724 f   libucrt:initnum.obj
 0001:00020790       __acrt_locale_initialize_numeric 0000000180021790 f   libucrt:initnum.obj
 0001:00020e14       __acrt_locale_free_time    0000000180021e14 f   libucrt:inittime.obj
 0001:00020f1c       __acrt_locale_initialize_time 0000000180021f1c f   libucrt:inittime.obj
 0001:00020fb0       wcscat_s                   0000000180021fb0 f   libucrt:wcscat_s.obj
 0001:00021030       wcsncpy_s                  0000000180022030 f   libucrt:wcsncpy_s.obj
 0001:00021114       wcscspn                    0000000180022114 f   libucrt:wcscspn.obj
 0001:00021154       wcsncmp                    0000000180022154 f   libucrt:wcsncmp.obj
 0001:00021180       wcspbrk                    0000000180022180 f   libucrt:wcspbrk.obj
 0001:00021a24       __acrt_get_qualified_locale 0000000180022a24 f   libucrt:get_qualified_locale.obj
 0001:00022410       __acrt_get_qualified_locale_downlevel 0000000180023410 f   libucrt:getqloc_downlevel.obj
 0001:000226a0       __acrt_lowio_create_handle_array 00000001800236a0 f   libucrt:osfinfo.obj
 0001:00022738       __acrt_lowio_destroy_handle_array 0000000180023738 f   libucrt:osfinfo.obj
 0001:00022788       __acrt_lowio_ensure_fh_exists 0000000180023788 f   libucrt:osfinfo.obj
 0001:00022840       __acrt_lowio_lock_fh       0000000180023840 f   libucrt:osfinfo.obj
 0001:00022864       __acrt_lowio_unlock_fh     0000000180023864 f   libucrt:osfinfo.obj
 0001:00022888       _free_osfhnd               0000000180023888 f   libucrt:osfinfo.obj
 0001:00022944       _get_osfhandle             0000000180023944 f   libucrt:osfinfo.obj
 0001:000229d0       _get_fpsr                  00000001800239d0 f   libucrt:fpsr.obj
 0001:000229e0       _set_fpsr                  00000001800239e0 f   libucrt:fpsr.obj
 0001:000229ea       _fclrf                     00000001800239ea f   libucrt:fpsr.obj
 0001:000229fe       _frnd                      00000001800239fe f   libucrt:fpsr.obj
 0001:00022ae8       __acrt_DownlevelLCIDToLocaleName 0000000180023ae8 f   libucrt:lcidtoname_downlevel.obj
 0001:00022bcc       __acrt_DownlevelLocaleNameToLCID 0000000180023bcc f   libucrt:lcidtoname_downlevel.obj
 0001:00022c00       strncpy_s                  0000000180023c00 f   libucrt:strncpy_s.obj
 0001:00022cd4       _getfpcontrolword          0000000180023cd4 f   libucrt:_fenvutils.obj
 0001:00022cec       _getfpstatusword           0000000180023cec f   libucrt:_fenvutils.obj
 0001:00022d00       _setfpcontrolword          0000000180023d00 f   libucrt:_fenvutils.obj
 0001:00022d0c       _setfpstatusword           0000000180023d0c f   libucrt:_fenvutils.obj
 0001:00022e80       _handle_error              0000000180023e80 f   libucrt:libm_error.obj
 0001:00022fa8       _handle_errorf             0000000180023fa8 f   libucrt:libm_error.obj
 0001:000230dc       _handle_nan                00000001800240dc f   libucrt:libm_error.obj
 0001:000230f8       _handle_nanf               00000001800240f8 f   libucrt:libm_error.obj
 0001:00023108       _towlower_l                0000000180024108 f   libucrt:towlower.obj
 0001:000232a0       qsort                      00000001800242a0 f   libucrt:qsort.obj
 0001:000235d4       strpbrk                    00000001800245d4 f   libucrt:strpbrk.obj
 0001:00023674       _mbsdec                    0000000180024674 f   libucrt:mbsdec.obj
 0001:0002367c       _mbsdec_l                  000000018002467c f   libucrt:mbsdec.obj
 0001:0002372c       _msize                     000000018002472c f   libucrt:msize.obj
 0001:00023768       fegetenv                   0000000180024768 f   libucrt:fegetenv.obj
 0001:00023788       fesetenv                   0000000180024788 f   libucrt:fesetenv.obj
 0001:000237d4       feholdexcept               00000001800247d4 f   libucrt:feholdexcept.obj
 0001:00023824       ceil                       0000000180024824 f   libucrt:ceil.obj
 0001:000238f0       log10                      00000001800248f0 f   libucrt:log10.obj
 0001:0002443c       _write                     000000018002543c f   libucrt:write.obj
 0001:00024528       _write_nolock              0000000180025528 f   libucrt:write.obj
 0001:000248a8       _lseeki64_nolock           00000001800258a8 f   libucrt:lseek.obj
 0001:000248b0       _fclose_nolock             00000001800258b0 f   libucrt:fclose.obj
 0001:00024934       fclose                     0000000180025934 f   libucrt:fclose.obj
 0001:000249a0       ??$?RV<lambda_b521505b218e5242e90febf6bfebc422>@@AEAV<lambda_6978c1fb23f02e42e1d9e99668cc68aa>@@V<lambda_314360699dd331753a4119843814e9a7>@@@?$__crt_seh_guarded_call@H@@QEAAH$$QEAV<lambda_b521505b218e5242e90febf6bfebc422>@@AEAV<lambda_6978c1fb23f02e42e1d9e99668cc68aa>@@$$QEAV<lambda_314360699dd331753a4119843814e9a7>@@@Z 00000001800259a0 f i libucrt:commit.obj
 0001:00024a2c       _commit                    0000000180025a2c f   libucrt:commit.obj
 0001:00024be8       _itow_s                    0000000180025be8 f   libucrt:xtoa.obj
 0001:00024c08       _wcsnicmp                  0000000180025c08 f   libucrt:wcsnicmp.obj
 0001:00024ca4       _wcsnicmp_l                0000000180025ca4 f   libucrt:wcsnicmp.obj
 0001:00024dbc       wcscmp                     0000000180025dbc f   libucrt:wcscmp.obj
 0001:00024df4       _query_app_type            0000000180025df4 f   libucrt:report_runtime_error.obj
 0001:00024dfc       _clearfp                   0000000180025dfc f   libucrt:ieee.obj
 0001:00024e50       _controlfp                 0000000180025e50 f   libucrt:ieee.obj
 0001:00024e5c       _statusfp                  0000000180025e5c f   libucrt:ieee.obj
 0001:0002513c       __acrt_LCMapStringW        000000018002613c f   libucrt:lcmapstringw.obj
 0001:000251d0       _log10_special             00000001800261d0 f   libucrt:log_special.obj
 0001:00025288       _putwch_nolock             0000000180026288 f   libucrt:putwch.obj
 0001:000252e4       ??$?RV<lambda_bfedae4ebbf01fab1bb6dcc6a9e276e0>@@AEAV<lambda_2fe9b910cf3cbf4a0ab98a02ba45b3ec>@@V<lambda_237c231691f317818eb88cc1d5d642d6>@@@?$__crt_seh_guarded_call@H@@QEAAH$$QEAV<lambda_bfedae4ebbf01fab1bb6dcc6a9e276e0>@@AEAV<lambda_2fe9b910cf3cbf4a0ab98a02ba45b3ec>@@$$QEAV<lambda_237c231691f317818eb88cc1d5d642d6>@@@Z 00000001800262e4 f i libucrt:close.obj
 0001:00025358       _close                     0000000180026358 f   libucrt:close.obj
 0001:000253fc       _close_nolock              00000001800263fc f   libucrt:close.obj
 0001:000254b8       ?__acrt_stdio_free_stream@@YAXV__crt_stdio_stream@@@Z 00000001800264b8 f   libucrt:stream.obj
 0001:000254fc       __dcrt_lowio_initialize_console_output 00000001800264fc f   libucrt:initcon.obj
 0001:00025538       __dcrt_terminate_console_output 0000000180026538 f   libucrt:initcon.obj
 0001:00025558       IsProcessorFeaturePresent  0000000180026558 f   kernel32:KERNEL32.dll
 0001:0002555e       RtlUnwindEx                000000018002655e f   kernel32:KERNEL32.dll
 0001:00025570       _FindPESection             0000000180026570 f   LIBCMT:pesect.obj
 0001:000255c0       _IsNonwritableInCurrentImage 00000001800265c0 f   LIBCMT:pesect.obj
 0001:00025610       _ValidateImageBase         0000000180026610 f   LIBCMT:pesect.obj
 0001:00025640       strrchr                    0000000180026640 f   libvcruntime:strrchr.obj
 0001:00025780       wcschr                     0000000180026780 f   libvcruntime:wcschr.obj
 0001:00025830       _guard_dispatch_icall_nop  0000000180026830 f   LIBCMT:_guard_dispatch_.obj
 0001:00025de0       ??__F_Static@?1???$_Immortalize@V_Iostream_error_category@std@@@std@@YAAEAV_Iostream_error_category@0@XZ@YAXXZ 0000000180026de0 f i node_printer_win.obj
 0002:00000000       __imp_GetLastError         0000000180027000     kernel32:KERNEL32.dll
[...]
 0004:00001c98       $pdata$qsort               0000000180040c98     libucrt:qsort.obj
 0004:00001ca4       $pdata$4$qsort             0000000180040ca4     libucrt:qsort.obj
 0004:00001cb0       $pdata$5$qsort             0000000180040cb0     libucrt:qsort.obj
 0004:00001cbc       $pdata$strpbrk             0000000180040cbc     libucrt:strpbrk.obj
 0004:00001cc8       $pdata$_mbsdec_l           0000000180040cc8     libucrt:mbsdec.obj
 0004:00001cd4       $pdata$?initialize_multibyte@@YAHXZ 0000000180040cd4     libucrt:multibyte_initializer.obj
 0004:00001ce0       $pdata$_msize              0000000180040ce0     libucrt:msize.obj
 0004:00001cec       $pdata$fegetenv            0000000180040cec     libucrt:fegetenv.obj
 0004:00001cf8       $pdata$fesetenv            0000000180040cf8     libucrt:fesetenv.obj
 0004:00001d04       $pdata$feholdexcept        0000000180040d04     libucrt:feholdexcept.obj
 0004:00001d1c       $pdata$?write_double_translated_ansi_nolock@@YA?AUwrite_result@?A0x9c548279@@HQEBDI@Z 0000000180040d1c     libucrt:write.obj
 0004:00001d28       $pdata$?write_text_ansi_nolock@@YA?AUwrite_result@?A0x9c548279@@HQEBDI@Z 0000000180040d28     libucrt:write.obj
 0004:00001d34       $pdata$?write_text_utf16le_nolock@@YA?AUwrite_result@?A0x9c548279@@HQEBDI@Z 0000000180040d34     libucrt:write.obj
 0004:00001d40       $pdata$?write_text_utf8_nolock@@YA?AUwrite_result@?A0x9c548279@@HQEBDI@Z 0000000180040d40     libucrt:write.obj
 0004:00001d4c       $pdata$_write              0000000180040d4c     libucrt:write.obj
 0004:00001d58       $pdata$_write_nolock       0000000180040d58     libucrt:write.obj
 0004:00001d64       $pdata$??$common_lseek_nolock@_J@@YA_JH_JH@Z 0000000180040d64     libucrt:lseek.obj
 0004:00001d70       $pdata$_fclose_nolock      0000000180040d70     libucrt:fclose.obj
 0004:00001d7c       $pdata$fclose              0000000180040d7c     libucrt:fclose.obj
 0004:00001d88       $pdata$??$?RV<lambda_b521505b218e5242e90febf6bfebc422>@@AEAV<lambda_6978c1fb23f02e42e1d9e99668cc68aa>@@V<lambda_314360699dd331753a4119843814e9a7>@@@?$__crt_seh_guarded_call@H@@QEAAH$$QEAV<lambda_b521505b218e5242e90febf6bfebc422>@@AEAV<lambda_6978c1fb23f02e42e1d9e99668cc68aa>@@$$QEAV<lambda_314360699dd331753a4119843814e9a7>@@@Z 0000000180040d88     libucrt:commit.obj
 0004:00001d94       $pdata$_commit             0000000180040d94     libucrt:commit.obj
 0004:00001da0       $pdata$??$common_xtox@K_W@@YAHKQEA_W_KI_N@Z 0000000180040da0     libucrt:xtoa.obj
 0004:00001dac       $pdata$??$common_xtox_s@K_W@@YAHKQEA_W_KI_N@Z 0000000180040dac     libucrt:xtoa.obj
 0004:00001db8       $pdata$_itow_s             0000000180040db8     libucrt:xtoa.obj
 0004:00001dc4       $pdata$_wcsnicmp           0000000180040dc4     libucrt:wcsnicmp.obj
 0004:00001dd0       $pdata$_wcsnicmp_l         0000000180040dd0     libucrt:wcsnicmp.obj
 0004:00001ddc       $pdata$_clearfp            0000000180040ddc     libucrt:ieee.obj
 0004:00001de8       $pdata$common_control87    0000000180040de8     libucrt:ieee.obj
 0004:00001df4       $pdata$__acrt_LCMapStringW 0000000180040df4     libucrt:lcmapstringw.obj
 0004:00001e00       $pdata$_log10_special      0000000180040e00     libucrt:log_special.obj
 0004:00001e0c       $pdata$_log_special_common 0000000180040e0c     libucrt:log_special.obj
 0004:00001e18       $pdata$_putwch_nolock      0000000180040e18     libucrt:putwch.obj
 0004:00001e24       $pdata$??$?RV<lambda_bfedae4ebbf01fab1bb6dcc6a9e276e0>@@AEAV<lambda_2fe9b910cf3cbf4a0ab98a02ba45b3ec>@@V<lambda_237c231691f317818eb88cc1d5d642d6>@@@?$__crt_seh_guarded_call@H@@QEAAH$$QEAV<lambda_bfedae4ebbf01fab1bb6dcc6a9e276e0>@@AEAV<lambda_2fe9b910cf3cbf4a0ab98a02ba45b3ec>@@$$QEAV<lambda_237c231691f317818eb88cc1d5d642d6>@@@Z 0000000180040e24     libucrt:close.obj
 0004:00001e30       $pdata$_close              0000000180040e30     libucrt:close.obj
 0004:00001e3c       $pdata$_close_nolock       0000000180040e3c     libucrt:close.obj
 0004:00001e48       $pdata$__dcrt_lowio_initialize_console_output 0000000180040e48     libucrt:initcon.obj
 0004:00001e54       $pdata$__dcrt_terminate_console_output 0000000180040e54     libucrt:initcon.obj
 0004:00001e60       $pdata$_IsNonwritableInCurrentImage 0000000180040e60     LIBCMT:pesect.obj
 0004:00001e6c       $pdata$strrchr             0000000180040e6c     libvcruntime:strrchr.obj
 0004:00001e78       $pdata$wcschr              0000000180040e78     libvcruntime:wcschr.obj
 0004:00001e90       $pdata$__scrt_is_nonwritable_in_current_image$filt$0 0000000180040e90     LIBCMT:utility.obj
 0004:00001e9c       $pdata$?fin$0@?0??dllmain_crt_process_attach@@YAHQEAUHINSTANCE__@@QEAX@Z@4HA 0000000180040e9c     LIBCMT:dll_dllmain.obj
 0004:00001ea8       $pdata$?fin$0@?0??dllmain_crt_process_detach@@YAH_N@Z@4HA 0000000180040ea8     LIBCMT:dll_dllmain.obj
 0004:00001eb4       $pdata$?filt$0@?0??dllmain_dispatch@@YAHQEAUHINSTANCE__@@KQEAX@Z@4HA 0000000180040eb4     LIBCMT:dll_dllmain.obj
 0004:00001ec0       $pdata$__CxxCallCatchBlock$filt$0 0000000180040ec0     libvcruntime:frame.obj
 0004:00001ecc       $pdata$__CxxCallCatchBlock$fin$1 0000000180040ecc     libvcruntime:frame.obj
 0004:00001ed8       $pdata$__DestructExceptionObject$filt$0 0000000180040ed8     libvcruntime:frame.obj
 0004:00001ee4       $pdata$__FrameUnwindToState$filt$0 0000000180040ee4     libvcruntime:frame.obj
 0004:00001ef0       $pdata$__FrameUnwindToState$fin$1 0000000180040ef0     libvcruntime:frame.obj
 0004:00001efc       $pdata$_CallSETranslator$filt$0 0000000180040efc     libvcruntime:trnsctrl.obj
 0004:00001f08       $pdata$setlocale$fin$0     0000000180040f08     libucrt:setlocale.obj
 0004:00001f14       $pdata$_query_new_handler$fin$0 0000000180040f14     libucrt:new_handler.obj
 0004:00001f20       $pdata$?filt$0@?0??common_exit@@YAXHW4_crt_exit_cleanup_mode@@W4_crt_exit_return_mode@@@Z@4HA 0000000180040f20     libucrt:exit.obj
 0004:00001f2c       $pdata$?fin$1@?0??common_exit@@YAXHW4_crt_exit_cleanup_mode@@W4_crt_exit_return_mode@@@Z@4HA 0000000180040f2c     libucrt:exit.obj
 0004:00001f38       $pdata$?fin$0@?0???$?RV<lambda_e24bbb7b643b32fcea6fa61b31d4c984>@@AEAV<lambda_275893d493268fdec8709772e3fcec0e>@@V<lambda_9d71df4d7cf3f480f8d633942495c3b0>@@@?$__crt_seh_guarded_call@H@@QEAAH$$QEAV<lambda_e24bbb7b643b32fcea6fa61b31d4c984>@@AEAV<lambda_275893d493268fdec8709772e3fcec0e>@@$$QEAV<lambda_9d71df4d7cf3f480f8d633942495c3b0>@@@Z@4HA 0000000180040f38     libucrt:onexit.obj
 0004:00001f44       $pdata$?fin$0@?0???$?RV<lambda_d67e8342c384adda8f857579ab50b2ae>@@AEAV<lambda_30712929f77e709619002f448b6a9510>@@V<lambda_4525336fd7e478d965fb7ca7a337cad8>@@@?$__crt_seh_guarded_call@X@@QEAAX$$QEAV<lambda_d67e8342c384adda8f857579ab50b2ae>@@AEAV<lambda_30712929f77e709619002f448b6a9510>@@$$QEAV<lambda_4525336fd7e478d965fb7ca7a337cad8>@@@Z@4HA 0000000180040f44     libucrt:wsetlocale.obj
 0004:00001f44       $pdata$?fin$0@?0???$?RV<lambda_630b2aca97f6d20d5b5ea6529ea6b6af>@@AEAV<lambda_af91936f1d075d609f72d9d8cba980af>@@V<lambda_e82fa975f615b5c7c7b0e4d178fdae67>@@@?$__crt_seh_guarded_call@H@@QEAAH$$QEAV<lambda_630b2aca97f6d20d5b5ea6529ea6b6af>@@AEAV<lambda_af91936f1d075d609f72d9d8cba980af>@@$$QEAV<lambda_e82fa975f615b5c7c7b0e4d178fdae67>@@@Z@4HA 0000000180040f44     libucrt:winapi_thunks.obj
 0004:00001f44       $pdata$?fin$0@?0???$?RV<lambda_46352004c1216016012b18bd6f87e700>@@AEAV<lambda_3bd07e1a1191394380780325891bf33f>@@V<lambda_334532d3f185bcaa59b5be82d7d22bff>@@@?$__crt_seh_guarded_call@X@@QEAAX$$QEAV<lambda_46352004c1216016012b18bd6f87e700>@@AEAV<lambda_3bd07e1a1191394380780325891bf33f>@@$$QEAV<lambda_334532d3f185bcaa59b5be82d7d22bff>@@@Z@4HA 0000000180040f44     libucrt:per_thread_data.obj
 0004:00001f44       $pdata$?fin$0@?0???$?RV<lambda_99476a1ad63dd22509b5d3e65b0ffc95>@@AEAV<lambda_ad1ced32f4ac17aa236e5ef05d6b3b7c>@@V<lambda_f7424dd8d45958661754dc4f2697e9c3>@@@?$__crt_seh_guarded_call@X@@QEAAX$$QEAV<lambda_99476a1ad63dd22509b5d3e65b0ffc95>@@AEAV<lambda_ad1ced32f4ac17aa236e5ef05d6b3b7c>@@$$QEAV<lambda_f7424dd8d45958661754dc4f2697e9c3>@@@Z@4HA 0000000180040f44     libucrt:mbctype.obj
 0004:00001f44       $pdata$?fin$0@?0???$?RV<lambda_c36588078e9f5dfd39652860aa6b3aaf>@@AEAV<lambda_ec61778202f4f5fc7e7711acc23c3bca>@@V<lambda_dc9d2797ccde5d239b4a0efae8ebd7db>@@@?$__crt_seh_guarded_call@P6AXH@Z@@QEAAP6AXH@Z$$QEAV<lambda_c36588078e9f5dfd39652860aa6b3aaf>@@AEAV<lambda_ec61778202f4f5fc7e7711acc23c3bca>@@$$QEAV<lambda_dc9d2797ccde5d239b4a0efae8ebd7db>@@@Z@4HA 0000000180040f44     libucrt:signal.obj
 0004:00001f44       $pdata$?fin$0@?0???$?RV<lambda_5e887d1dcbef67a5eb4283622ba103bf>@@AEAV<lambda_4466841279450cc726390878d4a41900>@@V<lambda_341c25c0346d94847f1f3c463c57e077>@@@?$__crt_seh_guarded_call@X@@QEAAX$$QEAV<lambda_5e887d1dcbef67a5eb4283622ba103bf>@@AEAV<lambda_4466841279450cc726390878d4a41900>@@$$QEAV<lambda_341c25c0346d94847f1f3c463c57e077>@@@Z@4HA 0000000180040f44     libucrt:per_thread_data.obj
 0004:00001f44       $pdata$?fin$0@?0???$?RV<lambda_b8c45f8f788dd370798f47cfe8ac3a86>@@AEAV<lambda_4e60a939b0d047cfe11ddc22648dfba9>@@V<lambda_332c3edc96d0294ec56c57d38c1cdfd5>@@@?$__crt_seh_guarded_call@H@@QEAAH$$QEAV<lambda_b8c45f8f788dd370798f47cfe8ac3a86>@@AEAV<lambda_4e60a939b0d047cfe11ddc22648dfba9>@@$$QEAV<lambda_332c3edc96d0294ec56c57d38c1cdfd5>@@@Z@4HA 0000000180040f44     libucrt:onexit.obj
 0004:00001f44       $pdata$?fin$0@?0???$?RV<lambda_72d1df2b273a38828b1ce30cbf4cdab5>@@AEAV<lambda_876a65b173b8412d3a47c70a915b0cf4>@@V<lambda_41932305e351933ebe8f8be3ed8bb5dc>@@@?$__crt_seh_guarded_call@X@@QEAAX$$QEAV<lambda_72d1df2b273a38828b1ce30cbf4cdab5>@@AEAV<lambda_876a65b173b8412d3a47c70a915b0cf4>@@$$QEAV<lambda_41932305e351933ebe8f8be3ed8bb5dc>@@@Z@4HA 0000000180040f44     libucrt:per_thread_data.obj
 0004:00001f44       $pdata$?fin$0@?0???$?RV<lambda_fb3a7dec4e47f37f22dae91bb15c9095>@@AEAV<lambda_698284760c8add0bfb0756c19673e34b>@@V<lambda_dfb8eca1e75fef3034a8fb18dd509707>@@@?$__crt_seh_guarded_call@X@@QEAAX$$QEAV<lambda_fb3a7dec4e47f37f22dae91bb15c9095>@@AEAV<lambda_698284760c8add0bfb0756c19673e34b>@@$$QEAV<lambda_dfb8eca1e75fef3034a8fb18dd509707>@@@Z@4HA 0000000180040f44     libucrt:per_thread_data.obj
 0004:00001f50       $pdata$raise$fin$0         0000000180040f50     libucrt:signal.obj
 0004:00001f5c       $pdata$?fin$0@?0???$?RV<lambda_5df02c53a8f32f81fd64e5bbb78039f1>@@AEAV<lambda_2af78c5f5901b1372d98f9ab3177dfa6>@@AEAV<lambda_f51fe5fd7c79a33db34fc9310f277369>@@@?$__crt_seh_guarded_call@X@@QEAAX$$QEAV<lambda_5df02c53a8f32f81fd64e5bbb78039f1>@@AEAV<lambda_2af78c5f5901b1372d98f9ab3177dfa6>@@AEAV<lambda_f51fe5fd7c79a33db34fc9310f277369>@@@Z@4HA 0000000180040f5c     libucrt:wsetlocale.obj
 0004:00001f68       $pdata$__acrt_update_thread_locale_data$fin$0 0000000180040f68     libucrt:locale_refcounting.obj
 0004:00001f68       $pdata$__acrt_uninitialize_locale$fin$0 0000000180040f68     libucrt:wsetlocale.obj
 0004:00001f74       $pdata$__acrt_initialize_lowio$fin$0 0000000180040f74     libucrt:ioinit.obj
 0004:00001f74       $pdata$__acrt_lowio_ensure_fh_exists$fin$0 0000000180040f74     libucrt:osfinfo.obj
 0004:00001f80       $pdata$__acrt_update_thread_multibyte_data$fin$0 0000000180040f80     libucrt:mbctype.obj
 0004:00001f8c       $pdata$_fcloseall$fin$0    0000000180040f8c     libucrt:closeall.obj
 0004:00001f98       $pdata$common_flush_all$fin$0 0000000180040f98     libucrt:fflush.obj
 0004:00001fa4       $pdata$common_flush_all$fin$1 0000000180040fa4     libucrt:fflush.obj
 0004:00001fb0       $pdata$_write$fin$0        0000000180040fb0     libucrt:write.obj
 0004:00001fbc       $pdata$fclose$fin$0        0000000180040fbc     libucrt:fclose.obj
 0004:00001fc8       $pdata$common_control87$filt$0 0000000180040fc8     libucrt:ieee.obj
 0004:00001fc8       $pdata$_ctrlfp$filt$0      0000000180040fc8     libucrt:fpctrl.obj
 0004:00001fd4       $pdata$?fin$0@?0???$?RV<lambda_b521505b218e5242e90febf6bfebc422>@@AEAV<lambda_6978c1fb23f02e42e1d9e99668cc68aa>@@V<lambda_314360699dd331753a4119843814e9a7>@@@?$__crt_seh_guarded_call@H@@QEAAH$$QEAV<lambda_b521505b218e5242e90febf6bfebc422>@@AEAV<lambda_6978c1fb23f02e42e1d9e99668cc68aa>@@$$QEAV<lambda_314360699dd331753a4119843814e9a7>@@@Z@4HA 0000000180040fd4     libucrt:commit.obj
 0004:00001fd4       $pdata$?fin$0@?0???$?RV<lambda_bfedae4ebbf01fab1bb6dcc6a9e276e0>@@AEAV<lambda_2fe9b910cf3cbf4a0ab98a02ba45b3ec>@@V<lambda_237c231691f317818eb88cc1d5d642d6>@@@?$__crt_seh_guarded_call@H@@QEAAH$$QEAV<lambda_bfedae4ebbf01fab1bb6dcc6a9e276e0>@@AEAV<lambda_2fe9b910cf3cbf4a0ab98a02ba45b3ec>@@$$QEAV<lambda_237c231691f317818eb88cc1d5d642d6>@@@Z@4HA 0000000180040fd4     libucrt:close.obj
 0004:00001fe0       $pdata$_IsNonwritableInCurrentImage$filt$0 0000000180040fe0     LIBCMT:pesect.obj
 0004:00001fec       $pdata$??__Fresult@?1??getStatusMap@?A0xa8228a0c@@YAAEBV?$map@V?$basic_string@DU?$char_traits@D@std@@V?$allocator@D@2@@std@@KU?$less@V?$basic_string@DU?$char_traits@D@std@@V?$allocator@D@2@@std@@@2@V?$allocator@U?$pair@$$CBV?$basic_string@DU?$char_traits@D@std@@V?$allocator@D@2@@std@@K@std@@@2@@std@@XZ@YAXXZ 0000000180040fec     node_printer_win.obj
 0004:00001ff8       $pdata$??__Fresult@?1??getJobStatusMap@?A0xa8228a0c@@YAAEBV?$map@V?$basic_string@DU?$char_traits@D@std@@V?$allocator@D@2@@std@@KU?$less@V?$basic_string@DU?$char_traits@D@std@@V?$allocator@D@2@@std@@@2@V?$allocator@U?$pair@$$CBV?$basic_string@DU?$char_traits@D@std@@V?$allocator@D@2@@std@@K@std@@@2@@std@@XZ@YAXXZ 0000000180040ff8     node_printer_win.obj
 0004:00002004       $pdata$??__Fresult@?1??getAttributeMap@?A0xa8228a0c@@YAAEBV?$map@V?$basic_string@DU?$char_traits@D@std@@V?$allocator@D@2@@std@@KU?$less@V?$basic_string@DU?$char_traits@D@std@@V?$allocator@D@2@@std@@@2@V?$allocator@U?$pair@$$CBV?$basic_string@DU?$char_traits@D@std@@V?$allocator@D@2@@std@@K@std@@@2@@std@@XZ@YAXXZ 0000000180041004     node_printer_win.obj
 0004:00002010       $pdata$??__Fresult@?1??getJobCommandMap@?A0xa8228a0c@@YAAEBV?$map@V?$basic_string@DU?$char_traits@D@std@@V?$allocator@D@2@@std@@KU?$less@V?$basic_string@DU?$char_traits@D@std@@V?$allocator@D@2@@std@@@2@V?$allocator@U?$pair@$$CBV?$basic_string@DU?$char_traits@D@std@@V?$allocator@D@2@@std@@K@std@@@2@@std@@XZ@YAXXZ 0000000180041010     node_printer_win.obj
 0004:0000201c       $pdata$??__F_Fac_tidy_reg@std@@YAXXZ 000000018004101c     libcpmt:locale0.obj
 0004:00002028       $pdata$??__Fclassic_locale@std@@YAXXZ 0000000180041028     libcpmt:locale0.obj
 0004:00002034       $pdata$??__Finit_atexit@@YAXXZ 0000000180041034     libcpmt:iosptrs.obj
 0005:00000000       __guard_fids__             0000000180042000     libucrt:initialization.obj
 0005:00000060       __guard_fids___acrt_initialize_ptd 0000000180042060     libucrt:per_thread_data.obj
 0005:00000064       __guard_fids__             0000000180042064     libucrt:wsetlocale.obj
 0005:0000007c       __guard_fids_??$?RV<lambda_630b2aca97f6d20d5b5ea6529ea6b6af>@@AEAV<lambda_af91936f1d075d609f72d9d8cba980af>@@V<lambda_e82fa975f615b5c7c7b0e4d178fdae67>@@@?$__crt_seh_guarded_call@H@@QEAAH$$QEAV<lambda_630b2aca97f6d20d5b5ea6529ea6b6af>@@AEAV<lambda_af91936f1d075d609f72d9d8cba980af>@@$$QEAV<lambda_e82fa975f615b5c7c7b0e4d178fdae67>@@@Z 000000018004207c     libucrt:winapi_thunks.obj
 0005:00000080       __guard_fids_??$expand_argument_wildcards@D@@YAHQEAD0AEAV?$argument_list@D@?A0xca0879c4@@@Z 0000000180042080     libucrt:argv_wildcards.obj
 0005:00000084       __guard_fids__             0000000180042084     libucrt:stdio_initializer.obj
 0005:00000088       __guard_fids__             0000000180042088     libucrt:stdio_initializer.obj
 0005:0000008c       __guard_fids__             000000018004208c     libucrt:locale_initializer.obj
 0005:00000090       __guard_fids_GetLocaleNameFromLangCountry 0000000180042090     libucrt:get_qualified_locale.obj
 0005:00000094       __guard_fids_GetLocaleNameFromLanguage 0000000180042094     libucrt:get_qualified_locale.obj
 0005:00000098       __guard_fids___acrt_get_qualified_locale_downlevel 0000000180042098     libucrt:getqloc_downlevel.obj
 0005:0000009c       __guard_fids_GetLcidFromLangCountry 000000018004209c     libucrt:getqloc_downlevel.obj
 0005:000000a0       __guard_fids_GetLcidFromLanguage 00000001800420a0     libucrt:getqloc_downlevel.obj
 0005:000000a4       __guard_fids__             00000001800420a4     libucrt:fma3_initializer.obj
 0005:000000a8       __guard_fids__             00000001800420a8     libucrt:timeset_initializer.obj
 0005:000000ac       __guard_fids__             00000001800420ac     libucrt:multibyte_initializer.obj
 0005:000000b0       __guard_fids__             00000001800420b0     libucrt:console_output_initializer.obj
 0005:000000b4       __guard_fids__             00000001800420b4     libcpmt:xthrow.obj
 0005:000000bc       __guard_fids__             00000001800420bc     libcpmt:xthrow.obj
 0005:000000c4       __guard_fids__             00000001800420c4     libcpmt:xthrow.obj
 0005:000000cc       __guard_fids__             00000001800420cc     libcpmt:xthrow.obj
 0005:000000d4       __guard_fids__             00000001800420d4     libcpmt:xthrow.obj
 0005:000000dc       __guard_fids__             00000001800420dc     libcpmt:xthrow.obj
 0005:000000e4       __guard_fids_??__Einitlocks@std@@YAXXZ 00000001800420e4     libcpmt:xlock.obj
 0005:000000e8       __guard_fids__             00000001800420e8     libcpmt:xlock.obj
 0005:000000ec       __guard_fids_??__E_Fac_tidy_reg@std@@YAXXZ 00000001800420ec     libcpmt:locale0.obj
 0005:000000f0       __guard_fids_?_Setgloballocale@locale@std@@CAXPEAX@Z 00000001800420f0     libcpmt:locale0.obj
 0005:000000f4       __guard_fids_??__Eclassic_locale@std@@YAXXZ 00000001800420f4     libcpmt:locale0.obj
 0005:000000f8       __guard_fids__             00000001800420f8     libcpmt:locale0.obj
 0005:00000104       __guard_fids__             0000000180042104     libcpmt:locale0.obj
 0005:00000110       __guard_fids__             0000000180042110     libcpmt:locale0.obj
 0005:00000114       __guard_fids__             0000000180042114     libcpmt:locale0.obj
 0005:00000118       __guard_fids_??__Einitlocks@std@@YAXXZ 0000000180042118     libcpmt:iosptrs.obj
 0005:0000011c       __guard_fids_??__Einit_atexit@@YAXXZ 000000018004211c     libcpmt:iosptrs.obj
 0005:00000120       __guard_fids__             0000000180042120     libcpmt:iosptrs.obj
 0005:00000124       __guard_fids__             0000000180042124     libcpmt:iosptrs.obj
 0005:00000128       __guard_fids__             0000000180042128     libcpmt:locale.obj
 0005:00000154       __guard_fids__             0000000180042154     libcpmt:locale.obj
 0005:00000180       __guard_fids__             0000000180042180     libcpmt:locale.obj
 0005:000001a0       __guard_fids__             00000001800421a0     libcpmt:winapisupp.obj
 0005:000001a4       __guard_fids_?dllmain_crt_process_attach@@YAHQEAUHINSTANCE__@@QEAX@Z 00000001800421a4     LIBCMT:dll_dllmain.obj
 0005:000001ac       __guard_fids_?dllmain_dispatch@@YAHQEAUHINSTANCE__@@KQEAX@Z 00000001800421ac     LIBCMT:dll_dllmain.obj
 0005:000001b0       __guard_fids__             00000001800421b0     LIBCMT:std_type_info_static.obj
 0005:000001b4       __guard_fids__             00000001800421b4     LIBCMT:throw_bad_alloc.obj
 0005:000001bc       __guard_fids__             00000001800421bc     LIBCMT:guard_support.obj
 0005:000001c0       __guard_fids__             00000001800421c0     libvcruntime:frame.obj
 0005:000001c4       __guard_fids__             00000001800421c4     libvcruntime:frame.obj
 0005:000001cc       __guard_fids__UnwindNestedFrames 00000001800421cc     libvcruntime:trnsctrl.obj
 0005:000001d0       __guard_fids___vcrt_initialize_ptd 00000001800421d0     libvcruntime:per_thread_data.obj
 0006:00000060       $R000000                   0000000180043060     * linker generated manifest res *

 Exports

  ordinal    name

        1    _register_node_printer_
